******************************************************************************
                  TI ARM Linker PC v18.1.2                     
******************************************************************************
>> Linked Tue Nov  6 12:39:19 2018

OUTPUT FILE NAME:   <lab_9.out>
ENTRY POINT SYMBOL: "_c_int00_noargs"  address: 00005331


MEMORY CONFIGURATION

         name            origin    length      used     unused   attr    fill
----------------------  --------  ---------  --------  --------  ----  --------
  FLASH                 00000000   00040000  00005868  0003a798  R  X
  SRAM                  20000000   00008000  00000f02  000070fe  RW X


SEGMENT ALLOCATION MAP

run origin  load origin   length   init length attrs members
----------  ----------- ---------- ----------- ----- -------
00000000    00000000    00005870   00005870    r-x
  00000000    00000000    0000026c   0000026c    r-- .intvecs
  0000026c    0000026c    00005320   00005320    r-x .text
  00005590    00005590    00000294   00000294    r-- .const
  00005828    00005828    00000048   00000048    r-- .cinit
20000000    20000000    00000f09   00000000    rw-
  20000000    20000000    0000026c   00000000    rw- .vtable
  20000270    20000270    00000800   00000000    rw- .stack
  20000a70    20000a70    00000400   00000000    rw- .sysmem
  20000e70    20000e70    00000069   00000000    rw- .bss
  20000edc    20000edc    0000002d   00000000    rw- .data


SECTION ALLOCATION MAP

 output                                  attributes/
section   page    origin      length       input sections
--------  ----  ----------  ----------   ----------------
.intvecs   0    00000000    0000026c     
                  00000000    0000026c     tm4c1236h6pm_startup_ccs.obj (.intvecs)

.text      0    0000026c    00005320     
                  0000026c    00000a5e     rtsv7M4_T_le_v4SPD16_eabi.lib : _printfi.c.obj (.text:__TI_printfi)
                  00000cca    00000002                                   : div0.asm.obj (.text)
                  00000ccc    000009c0                                   : e_pow.c.obj (.text:pow)
                  0000168c    00000738                                   : k_rem_pio2.c.obj (.text:__kernel_rem_pio2)
                  00001dc4    00000608     main.obj (.text)
                  000023cc    000005dc     rtsv7M4_T_le_v4SPD16_eabi.lib : s_cos.c.obj (.text:cos)
                  000029a8    000004c8     uart.obj (.text)
                  00002e70    000004a0     servo.obj (.text)
                  00003310    000002ec     lcd.obj (.text)
                  000035fc    00000270     rtsv7M4_T_le_v4SPD16_eabi.lib : _printfi.c.obj (.text:_pconv_a)
                  0000386c    00000224     ultrasonic.obj (.text)
                  00003a90    000001d0     rtsv7M4_T_le_v4SPD16_eabi.lib : _printfi.c.obj (.text:_pconv_g)
                  00003c60    000001b6                                   : fd_add_t2.asm.obj (.text)
                  00003e16    00000002     --HOLE-- [fill = 0]
                  00003e18    00000174                                   : k_sin.c.obj (.text:__kernel_sin)
                  00003f8c    0000016c                                   : k_cos.c.obj (.text:__kernel_cos)
                  000040f8    00000158     Timer.obj (.text)
                  00004250    00000158     rtsv7M4_T_le_v4SPD16_eabi.lib : e_sqrt.c.obj (.text:sqrt)
                  000043a8    0000013c                                   : _printfi.c.obj (.text:_pconv_e)
                  000044e4    00000136                                   : fd_div_t2.asm.obj (.text)
                  0000461a    00000002     --HOLE-- [fill = 0]
                  0000461c    00000120                                   : _printfi.c.obj (.text:fcvt)
                  0000473c    00000110                                   : s_scalbn.c.obj (.text:scalbn)
                  0000484c    00000104     button.obj (.text)
                  00004950    000000fc     rtsv7M4_T_le_v4SPD16_eabi.lib : fd_mul_t2.asm.obj (.text)
                  00004a4c    000000f8                                   : s_floor.c.obj (.text:floor)
                  00004b44    000000b1                                   : _printfi.c.obj (.text:_ltostr)
                  00004bf5    00000001     --HOLE-- [fill = 0]
                  00004bf6    0000009c                                   : memcpy_t2.asm.obj (.text)
                  00004c92    00000096                                   : ull_div_t2.asm.obj (.text)
                  00004d28    00000086                                   : fd_cmp_t2.asm.obj (.text:__aeabi_cdcmple)
                  00004dae    00000086                                   : fd_cmp_t2.asm.obj (.text:__aeabi_cdrcmple)
                  00004e34    0000007a                                   : memset_t2.asm.obj (.text)
                  00004eae    0000006e                                   : _printfi.c.obj (.text:_mcpy)
                  00004f1c    0000006e                                   : fd_tos_t2.asm.obj (.text)
                  00004f8a    00000068                                   : copy_decompress_lzss.c.obj (.text:decompress:lzss:__TI_decompress_lzss)
                  00004ff2    00000002     --HOLE-- [fill = 0]
                  00004ff4    00000064                                   : s_frexp.c.obj (.text:frexp)
                  00005058    00000056                                   : _printfi.c.obj (.text:_pconv_f)
                  000050ae    00000054                                   : ltoa.c.obj (.text:ltoa)
                  00005102    00000052                                   : _printfi.c.obj (.text:_ecpy)
                  00005154    0000004c                                   : atoi.c.obj (.text:atoi)
                  000051a0    00000048                                   : fd_toi_t2.asm.obj (.text)
                  000051e8    00000044                                   : autoinit.c.obj (.text:__TI_auto_init_nobinit_nopinit:__TI_auto_init_nobinit_nopinit)
                  0000522c    00000044                                   : fd_tou_t2.asm.obj (.text)
                  00005270    00000040                                   : sprintf.c.obj (.text:sprintf)
                  000052b0    00000040                                   : vsnprintf.c.obj (.text:vsnprintf)
                  000052f0    0000003e                                   : _printfi.c.obj (.text:_fcpy)
                  0000532e    00000002     --HOLE-- [fill = 0]
                  00005330    00000038                                   : boot_cortex_m.c.obj (.text:_c_int00_noargs:_c_int00_noargs)
                  00005368    00000038                                   : fs_tod_t2.asm.obj (.text)
                  000053a0    00000034     driverlib.lib : interrupt.obj (.text:IntRegister)
                  000053d4    00000030     rtsv7M4_T_le_v4SPD16_eabi.lib : vsnprintf.c.obj (.text:_outs)
                  00005404    0000002e                                   : i_tofd_t2.asm.obj (.text)
                  00005432    00000020                                   : u_tofd_t2.asm.obj (.text)
                  00005452    0000001c                                   : memccpy.c.obj (.text:memccpy)
                  0000546e    00000018                                   : vsnprintf.c.obj (.text:_outc)
                  00005486    00000018                                   : sprintf.c.obj (.text:_outs)
                  0000549e    00000018                                   : strcmp.c.obj (.text:strcmp)
                  000054b6    00000016                                   : strchr.c.obj (.text:strchr)
                  000054cc    00000014                                   : s_copysign.c.obj (.text:copysign)
                  000054e0    00000014                                   : strcpy.c.obj (.text:strcpy)
                  000054f4    00000014                                   : strlen.c.obj (.text:strlen)
                  00005508    00000012                                   : copy_zero_init.c.obj (.text:decompress:ZI:__TI_zero_init_nomemset:__TI_zero_init_nomemset)
                  0000551a    00000012                                   : wcslen.c.obj (.text:wcslen)
                  0000552c    00000010     driverlib.lib : interrupt.obj (.text:IntMasterEnable)
                  0000553c    00000010     lcd.obj (.text:lcd_clear)
                  0000554c    0000000e     rtsv7M4_T_le_v4SPD16_eabi.lib : copy_decompress_none.c.obj (.text:decompress:none:__TI_decompress_none)
                  0000555a    0000000c     driverlib.lib : cpu.obj (.text:CPUcpsie)
                  00005566    0000000c     tm4c1236h6pm_startup_ccs.obj (.text)
                  00005572    0000000a     rtsv7M4_T_le_v4SPD16_eabi.lib : sprintf.c.obj (.text:_outc)
                  0000557c    00000008                                   : errno.c.obj (.text:__aeabi_errno_addr)
                  00005584    00000004                                   : pre_init.c.obj (.text:_system_pre_init)
                  00005588    00000004                                   : exit.c.obj (.text:abort:abort)

.const     0    00005590    00000294     
                  00005590    00000158     rtsv7M4_T_le_v4SPD16_eabi.lib : k_rem_pio2.c.obj (.const:$O1$$)
                  000056e8    00000101                                   : ctype.c.obj (.const:.string:_ctypes_)
                  000057e9    00000004     lcd.obj (.const:.string:lineAddress$1)
                  000057ed    00000003     --HOLE-- [fill = 0]
                  000057f0    00000030     rtsv7M4_T_le_v4SPD16_eabi.lib : e_pow.c.obj (.const:$O1$$)
                  00005820    00000004     lcd.obj (.const:.string:lineAddresses$2)

.cinit     0    00005828    00000048     
                  00005828    00000012     (.cinit..data.load) [load image, compression = lzss]
                  0000583a    00000002     --HOLE-- [fill = 0]
                  0000583c    0000000c     (__TI_handler_table)
                  00005848    00000008     (.cinit..bss.load) [load image, compression = zero_init]
                  00005850    00000008     (.cinit..vtable.load) [load image, compression = zero_init]
                  00005858    00000018     (__TI_cinit_table)

.init_array 
*          0    00000000    00000000     UNINITIALIZED

.vtable    0    20000000    0000026c     UNINITIALIZED
                  20000000    0000026c     driverlib.lib : interrupt.obj (.vtable)

.stack     0    20000270    00000800     UNINITIALIZED
                  20000270    00000004     rtsv7M4_T_le_v4SPD16_eabi.lib : boot_cortex_m.c.obj (.stack)
                  20000274    000007fc     --HOLE--

.sysmem    0    20000a70    00000400     UNINITIALIZED
                  20000a70    00000008     rtsv7M4_T_le_v4SPD16_eabi.lib : memory.c.obj (.sysmem)
                  20000a78    000003f8     --HOLE--

.bss       0    20000e70    00000069     UNINITIALIZED
                  20000e70    00000054     lcd.obj (.bss:lastbuffer$3)
                  20000ec4    00000014     (.common:in)
                  20000ed8    00000001     (.common:_prevButton)

.data      0    20000edc    0000002d     UNINITIALIZED
                  20000edc    00000014     ultrasonic.obj (.data)
                  20000ef0    00000008     servo.obj (.data)
                  20000ef8    00000008     uart.obj (.data)
                  20000f00    00000004     main.obj (.data)
                  20000f04    00000004     rtsv7M4_T_le_v4SPD16_eabi.lib : errno.c.obj (.data)
                  20000f08    00000001     button.obj (.data)

MODULE SUMMARY

       Module                         code    ro data   rw data
       ------                         ----    -------   -------
    .\
       main.obj                       1544    0         4      
       uart.obj                       1224    0         28     
       servo.obj                      1184    0         8      
       lcd.obj                        764     8         84     
       tm4c1236h6pm_startup_ccs.obj   12      620       0      
       ultrasonic.obj                 548     0         20     
       Timer.obj                      344     0         0      
       button.obj                     260     0         2      
    +--+------------------------------+-------+---------+---------+
       Total:                         5880    628       146    
                                                               
    C:/ti/TivaWare_C_Series-2.1.4.178/driverlib/ccs/Debug/driverlib.lib
       interrupt.obj                  68      0         620    
       cpu.obj                        12      0         0      
    +--+------------------------------+-------+---------+---------+
       Total:                         80      0         620    
                                                               
    C:\ti\ccsv8\tools\compiler\ti-cgt-arm_18.1.2.LTS\lib\rtsv7M4_T_le_v4SPD16_eabi.lib
       _printfi.c.obj                 4863    0         0      
       e_pow.c.obj                    2496    48        0      
       k_rem_pio2.c.obj               1848    344       0      
       s_cos.c.obj                    1500    0         0      
       fd_add_t2.asm.obj              438     0         0      
       k_sin.c.obj                    372     0         0      
       k_cos.c.obj                    364     0         0      
       e_sqrt.c.obj                   344     0         0      
       fd_div_t2.asm.obj              310     0         0      
       s_scalbn.c.obj                 272     0         0      
       fd_cmp_t2.asm.obj              268     0         0      
       ctype.c.obj                    0       257       0      
       fd_mul_t2.asm.obj              252     0         0      
       s_floor.c.obj                  248     0         0      
       memcpy_t2.asm.obj              156     0         0      
       ull_div_t2.asm.obj             150     0         0      
       vsnprintf.c.obj                136     0         0      
       memset_t2.asm.obj              122     0         0      
       fd_tos_t2.asm.obj              110     0         0      
       copy_decompress_lzss.c.obj     104     0         0      
       s_frexp.c.obj                  100     0         0      
       sprintf.c.obj                  98      0         0      
       ltoa.c.obj                     84      0         0      
       atoi.c.obj                     76      0         0      
       fd_toi_t2.asm.obj              72      0         0      
       autoinit.c.obj                 68      0         0      
       fd_tou_t2.asm.obj              68      0         0      
       boot_cortex_m.c.obj            56      0         0      
       fs_tod_t2.asm.obj              56      0         0      
       i_tofd_t2.asm.obj              46      0         0      
       u_tofd_t2.asm.obj              32      0         0      
       memccpy.c.obj                  28      0         0      
       strcmp.c.obj                   24      0         0      
       strchr.c.obj                   22      0         0      
       s_copysign.c.obj               20      0         0      
       strcpy.c.obj                   20      0         0      
       strlen.c.obj                   20      0         0      
       copy_zero_init.c.obj           18      0         0      
       wcslen.c.obj                   18      0         0      
       copy_decompress_none.c.obj     14      0         0      
       errno.c.obj                    8       0         4      
       exit.c.obj                     4       0         0      
       pre_init.c.obj                 4       0         0      
       div0.asm.obj                   2       0         0      
    +--+------------------------------+-------+---------+---------+
       Total:                         15311   649       4      
                                                               
       Heap:                          0       0         1024   
       Stack:                         0       0         2048   
       Linker Generated:              0       70        0      
    +--+------------------------------+-------+---------+---------+
       Grand Total:                   21271   1347      3842   


LINKER GENERATED COPY TABLES

__TI_cinit_table @ 00005858 records: 3, size/record: 8, table size: 24
	.data: load addr=00005828, load size=00000012 bytes, run addr=20000edc, run size=0000002d bytes, compression=lzss
	.bss: load addr=00005848, load size=00000008 bytes, run addr=20000e70, run size=00000069 bytes, compression=zero_init
	.vtable: load addr=00005850, load size=00000008 bytes, run addr=20000000, run size=0000026c bytes, compression=zero_init


LINKER GENERATED HANDLER TABLE

__TI_handler_table @ 0000583c records: 3, size/record: 4, table size: 12
	index: 0, handler: __TI_zero_init
	index: 1, handler: __TI_decompress_lzss
	index: 2, handler: __TI_decompress_none


GLOBAL SYMBOLS: SORTED ALPHABETICALLY BY Name 

address   name                          
-------   ----                          
00002dbd  ADC0SS0_Handler               
00005589  C$$EXIT                       
0000555b  CPUcpsie                      
0000552d  IntMasterEnable               
000053a1  IntRegister                   
00005567  ResetISR                      
000039e5  TIMER3B_Handler               
00002dfd  UART1_Handler                 
20000a70  __STACK_END                   
00000800  __STACK_SIZE                  
20000470  __STACK_TOP                   
00000400  __SYSMEM_SIZE                 
00005858  __TI_CINIT_Base               
00005870  __TI_CINIT_Limit              
0000583c  __TI_Handler_Table_Base       
00005848  __TI_Handler_Table_Limit      
000051e9  __TI_auto_init_nobinit_nopinit
00004f8b  __TI_decompress_lzss          
0000554d  __TI_decompress_none          
ffffffff  __TI_pprof_out_hndl           
0000026d  __TI_printfi                  
ffffffff  __TI_prof_data_size           
ffffffff  __TI_prof_data_start          
00000000  __TI_static_base__            
00005509  __TI_zero_init_nomemset       
00004d29  __aeabi_cdcmpeq               
00004d29  __aeabi_cdcmple               
00004daf  __aeabi_cdrcmple              
00004f1d  __aeabi_d2f                   
000051a1  __aeabi_d2iz                  
0000522d  __aeabi_d2uiz                 
00003c6b  __aeabi_dadd                  
000044e5  __aeabi_ddiv                  
00004951  __aeabi_dmul                  
00003c61  __aeabi_dsub                  
0000557d  __aeabi_errno_addr            
00005369  __aeabi_f2d                   
00005405  __aeabi_i2d                   
00000ccb  __aeabi_idiv0                 
00000ccb  __aeabi_ldiv0                 
00004e35  __aeabi_memclr                
00004e35  __aeabi_memclr4               
00004e35  __aeabi_memclr8               
00004bf7  __aeabi_memcpy                
00004bf7  __aeabi_memcpy4               
00004bf7  __aeabi_memcpy8               
00004e37  __aeabi_memset                
00004e37  __aeabi_memset4               
00004e37  __aeabi_memset8               
00005433  __aeabi_ui2d                  
00004c93  __aeabi_uldivmod              
ffffffff  __binit__                     
ffffffff  __c_args__                    
00003f8d  __kernel_cos                  
0000168d  __kernel_rem_pio2             
00003e19  __kernel_sin                  
UNDEFED   __mpu_init                    
20000270  __stack                       
00005331  _c_int00_noargs               
000056e8  _ctypes_                      
20000ed8  _prevButton                   
20000a70  _sys_memory                   
UNDEFED   _system_post_cinit            
00005585  _system_pre_init              
00005589  abort                         
00005155  atoi                          
ffffffff  binit                         
00004879  button_checkButtons           
00004883  button_getButton              
000048e5  button_getButtonBlocking      
000048f9  button_getButtonChange        
00004923  button_getButtonChangeBlocking
0000484d  button_init                   
00002eff  calibrate                     
000054cd  copysign                      
000054cd  copysignl                     
000023cd  cos                           
000023cd  cosl                          
20000efc  data                          
20000f04  errno                         
20000ee0  falling_time                  
20000ee8  flag2                         
00004a4d  floor                         
00004a4d  floorl                        
00004ff5  frexp                         
00004ff5  frexpl                        
20000000  g_pfnRAMVectors               
00000000  g_pfnVectors                  
00002c41  get_dist                      
20000ec4  in                            
20000ef8  index                         
20000f00  last_dist                     
0000553d  lcd_clear                     
000034a9  lcd_gotoLine                  
00003311  lcd_init                      
0000350f  lcd_printf                    
000033d1  lcd_putc                      
00003409  lcd_puts                      
00003427  lcd_sendCommand               
00003465  lcd_sendNibble                
000034d1  lcd_setCursorPos              
0000473d  ldexp                         
0000473d  ldexpl                        
000050af  ltoa                          
00001dc5  main                          
20000ef0  max                           
00005453  memccpy                       
00004bf7  memcpy                        
00004e3d  memset                        
20000ef4  min                           
00003189  move_dumb_servo               
00003031  move_manual                   
000031b1  move_servo                    
20000eec  overflow                      
00003943  ping_read                     
00000ccd  pow                           
00000ccd  powl                          
20000edc  rising_time                   
0000473d  scalbn                        
0000473d  scalbnl                       
000038fd  send_pulse                    
00002e71  servo_init                    
00005271  sprintf                       
00004251  sqrt                          
00004251  sqrtl                         
000054b7  strchr                        
0000549f  strcmp                        
000054e1  strcpy                        
000054f5  strlen                        
000039c1  time2dist                     
00004209  timer_getClock                
000041bd  timer_startClock              
00004157  timer_startTimer              
0000420f  timer_stopClock               
000041a7  timer_stopTimer               
0000412d  timer_waitMicros              
000040f9  timer_waitMillis              
000029a9  uart_init                     
00002baf  uart_receive                  
00002b05  uart_sendChar                 
00002bd9  uart_sendStr                  
0000386d  ultrasonic_init               
20000ee4  update_flag                   
000052b1  vsnprintf                     
0000551b  wcslen                        


GLOBAL SYMBOLS: SORTED BY Symbol Address 

address   name                          
-------   ----                          
00000000  __TI_static_base__            
00000000  g_pfnVectors                  
0000026d  __TI_printfi                  
00000400  __SYSMEM_SIZE                 
00000800  __STACK_SIZE                  
00000ccb  __aeabi_idiv0                 
00000ccb  __aeabi_ldiv0                 
00000ccd  pow                           
00000ccd  powl                          
0000168d  __kernel_rem_pio2             
00001dc5  main                          
000023cd  cos                           
000023cd  cosl                          
000029a9  uart_init                     
00002b05  uart_sendChar                 
00002baf  uart_receive                  
00002bd9  uart_sendStr                  
00002c41  get_dist                      
00002dbd  ADC0SS0_Handler               
00002dfd  UART1_Handler                 
00002e71  servo_init                    
00002eff  calibrate                     
00003031  move_manual                   
00003189  move_dumb_servo               
000031b1  move_servo                    
00003311  lcd_init                      
000033d1  lcd_putc                      
00003409  lcd_puts                      
00003427  lcd_sendCommand               
00003465  lcd_sendNibble                
000034a9  lcd_gotoLine                  
000034d1  lcd_setCursorPos              
0000350f  lcd_printf                    
0000386d  ultrasonic_init               
000038fd  send_pulse                    
00003943  ping_read                     
000039c1  time2dist                     
000039e5  TIMER3B_Handler               
00003c61  __aeabi_dsub                  
00003c6b  __aeabi_dadd                  
00003e19  __kernel_sin                  
00003f8d  __kernel_cos                  
000040f9  timer_waitMillis              
0000412d  timer_waitMicros              
00004157  timer_startTimer              
000041a7  timer_stopTimer               
000041bd  timer_startClock              
00004209  timer_getClock                
0000420f  timer_stopClock               
00004251  sqrt                          
00004251  sqrtl                         
000044e5  __aeabi_ddiv                  
0000473d  ldexp                         
0000473d  ldexpl                        
0000473d  scalbn                        
0000473d  scalbnl                       
0000484d  button_init                   
00004879  button_checkButtons           
00004883  button_getButton              
000048e5  button_getButtonBlocking      
000048f9  button_getButtonChange        
00004923  button_getButtonChangeBlocking
00004951  __aeabi_dmul                  
00004a4d  floor                         
00004a4d  floorl                        
00004bf7  __aeabi_memcpy                
00004bf7  __aeabi_memcpy4               
00004bf7  __aeabi_memcpy8               
00004bf7  memcpy                        
00004c93  __aeabi_uldivmod              
00004d29  __aeabi_cdcmpeq               
00004d29  __aeabi_cdcmple               
00004daf  __aeabi_cdrcmple              
00004e35  __aeabi_memclr                
00004e35  __aeabi_memclr4               
00004e35  __aeabi_memclr8               
00004e37  __aeabi_memset                
00004e37  __aeabi_memset4               
00004e37  __aeabi_memset8               
00004e3d  memset                        
00004f1d  __aeabi_d2f                   
00004f8b  __TI_decompress_lzss          
00004ff5  frexp                         
00004ff5  frexpl                        
000050af  ltoa                          
00005155  atoi                          
000051a1  __aeabi_d2iz                  
000051e9  __TI_auto_init_nobinit_nopinit
0000522d  __aeabi_d2uiz                 
00005271  sprintf                       
000052b1  vsnprintf                     
00005331  _c_int00_noargs               
00005369  __aeabi_f2d                   
000053a1  IntRegister                   
00005405  __aeabi_i2d                   
00005433  __aeabi_ui2d                  
00005453  memccpy                       
0000549f  strcmp                        
000054b7  strchr                        
000054cd  copysign                      
000054cd  copysignl                     
000054e1  strcpy                        
000054f5  strlen                        
00005509  __TI_zero_init_nomemset       
0000551b  wcslen                        
0000552d  IntMasterEnable               
0000553d  lcd_clear                     
0000554d  __TI_decompress_none          
0000555b  CPUcpsie                      
00005567  ResetISR                      
0000557d  __aeabi_errno_addr            
00005585  _system_pre_init              
00005589  C$$EXIT                       
00005589  abort                         
000056e8  _ctypes_                      
0000583c  __TI_Handler_Table_Base       
00005848  __TI_Handler_Table_Limit      
00005858  __TI_CINIT_Base               
00005870  __TI_CINIT_Limit              
20000000  g_pfnRAMVectors               
20000270  __stack                       
20000470  __STACK_TOP                   
20000a70  __STACK_END                   
20000a70  _sys_memory                   
20000ec4  in                            
20000ed8  _prevButton                   
20000edc  rising_time                   
20000ee0  falling_time                  
20000ee4  update_flag                   
20000ee8  flag2                         
20000eec  overflow                      
20000ef0  max                           
20000ef4  min                           
20000ef8  index                         
20000efc  data                          
20000f00  last_dist                     
20000f04  errno                         
ffffffff  __TI_pprof_out_hndl           
ffffffff  __TI_prof_data_size           
ffffffff  __TI_prof_data_start          
ffffffff  __binit__                     
ffffffff  __c_args__                    
ffffffff  binit                         
UNDEFED   __mpu_init                    
UNDEFED   _system_post_cinit            

[145 symbols]
