<?xml version="1.0" encoding="ISO-8859-1" ?>
<link_info>
   <banner>TI ARM Linker PC v18.1.2.LTS</banner>
   <copyright>Copyright (c) 1996-2017 Texas Instruments Incorporated</copyright>
   <link_time>0x5be1dfd7</link_time>
   <link_errors>0x0</link_errors>
   <output_file>lab_9.out</output_file>
   <entry_point>
      <name>_c_int00_noargs</name>
      <address>0x5331</address>
   </entry_point>
   <input_file_list>
      <input_file id="fl-2">
         <path>.\</path>
         <kind>object</kind>
         <file>Timer.obj</file>
         <name>Timer.obj</name>
      </input_file>
      <input_file id="fl-3">
         <path>.\</path>
         <kind>object</kind>
         <file>button.obj</file>
         <name>button.obj</name>
      </input_file>
      <input_file id="fl-4">
         <path>.\</path>
         <kind>object</kind>
         <file>lab3_template.obj</file>
         <name>lab3_template.obj</name>
      </input_file>
      <input_file id="fl-5">
         <path>.\</path>
         <kind>object</kind>
         <file>lcd.obj</file>
         <name>lcd.obj</name>
      </input_file>
      <input_file id="fl-6">
         <path>.\</path>
         <kind>object</kind>
         <file>main.obj</file>
         <name>main.obj</name>
      </input_file>
      <input_file id="fl-7">
         <path>.\</path>
         <kind>object</kind>
         <file>open_interface.obj</file>
         <name>open_interface.obj</name>
      </input_file>
      <input_file id="fl-8">
         <path>.\</path>
         <kind>object</kind>
         <file>servo.obj</file>
         <name>servo.obj</name>
      </input_file>
      <input_file id="fl-9">
         <path>.\</path>
         <kind>object</kind>
         <file>tm4c1236h6pm_startup_ccs.obj</file>
         <name>tm4c1236h6pm_startup_ccs.obj</name>
      </input_file>
      <input_file id="fl-a">
         <path>.\</path>
         <kind>object</kind>
         <file>uart.obj</file>
         <name>uart.obj</name>
      </input_file>
      <input_file id="fl-b">
         <path>.\</path>
         <kind>object</kind>
         <file>ultrasonic.obj</file>
         <name>ultrasonic.obj</name>
      </input_file>
      <input_file id="fl-11">
         <kind>object</kind>
         <file>&lt;internal&gt;</file>
         <name>&lt;internal&gt;</name>
      </input_file>
      <input_file id="fl-c7">
         <path>C:\ti\ccsv8\tools\compiler\ti-cgt-arm_18.1.2.LTS\lib\</path>
         <kind>archive</kind>
         <file>rtsv7M4_T_le_v4SPD16_eabi.lib</file>
         <name>e_pow.c.obj</name>
      </input_file>
      <input_file id="fl-c8">
         <path>C:\ti\ccsv8\tools\compiler\ti-cgt-arm_18.1.2.LTS\lib\</path>
         <kind>archive</kind>
         <file>rtsv7M4_T_le_v4SPD16_eabi.lib</file>
         <name>e_sqrt.c.obj</name>
      </input_file>
      <input_file id="fl-c9">
         <path>C:\ti\ccsv8\tools\compiler\ti-cgt-arm_18.1.2.LTS\lib\</path>
         <kind>archive</kind>
         <file>rtsv7M4_T_le_v4SPD16_eabi.lib</file>
         <name>s_cos.c.obj</name>
      </input_file>
      <input_file id="fl-ca">
         <path>C:\ti\ccsv8\tools\compiler\ti-cgt-arm_18.1.2.LTS\lib\</path>
         <kind>archive</kind>
         <file>rtsv7M4_T_le_v4SPD16_eabi.lib</file>
         <name>s_scalbn.c.obj</name>
      </input_file>
      <input_file id="fl-cb">
         <path>C:\ti\ccsv8\tools\compiler\ti-cgt-arm_18.1.2.LTS\lib\</path>
         <kind>archive</kind>
         <file>rtsv7M4_T_le_v4SPD16_eabi.lib</file>
         <name>s_copysign.c.obj</name>
      </input_file>
      <input_file id="fl-cc">
         <path>C:\ti\ccsv8\tools\compiler\ti-cgt-arm_18.1.2.LTS\lib\</path>
         <kind>archive</kind>
         <file>rtsv7M4_T_le_v4SPD16_eabi.lib</file>
         <name>fd_add_t2.asm.obj</name>
      </input_file>
      <input_file id="fl-cd">
         <path>C:\ti\ccsv8\tools\compiler\ti-cgt-arm_18.1.2.LTS\lib\</path>
         <kind>archive</kind>
         <file>rtsv7M4_T_le_v4SPD16_eabi.lib</file>
         <name>fd_cmp_t2.asm.obj</name>
      </input_file>
      <input_file id="fl-ce">
         <path>C:\ti\ccsv8\tools\compiler\ti-cgt-arm_18.1.2.LTS\lib\</path>
         <kind>archive</kind>
         <file>rtsv7M4_T_le_v4SPD16_eabi.lib</file>
         <name>fd_div_t2.asm.obj</name>
      </input_file>
      <input_file id="fl-cf">
         <path>C:\ti\ccsv8\tools\compiler\ti-cgt-arm_18.1.2.LTS\lib\</path>
         <kind>archive</kind>
         <file>rtsv7M4_T_le_v4SPD16_eabi.lib</file>
         <name>fd_mul_t2.asm.obj</name>
      </input_file>
      <input_file id="fl-d0">
         <path>C:\ti\ccsv8\tools\compiler\ti-cgt-arm_18.1.2.LTS\lib\</path>
         <kind>archive</kind>
         <file>rtsv7M4_T_le_v4SPD16_eabi.lib</file>
         <name>fd_toi_t2.asm.obj</name>
      </input_file>
      <input_file id="fl-d1">
         <path>C:\ti\ccsv8\tools\compiler\ti-cgt-arm_18.1.2.LTS\lib\</path>
         <kind>archive</kind>
         <file>rtsv7M4_T_le_v4SPD16_eabi.lib</file>
         <name>fd_tos_t2.asm.obj</name>
      </input_file>
      <input_file id="fl-d2">
         <path>C:\ti\ccsv8\tools\compiler\ti-cgt-arm_18.1.2.LTS\lib\</path>
         <kind>archive</kind>
         <file>rtsv7M4_T_le_v4SPD16_eabi.lib</file>
         <name>fd_tou_t2.asm.obj</name>
      </input_file>
      <input_file id="fl-d3">
         <path>C:\ti\ccsv8\tools\compiler\ti-cgt-arm_18.1.2.LTS\lib\</path>
         <kind>archive</kind>
         <file>rtsv7M4_T_le_v4SPD16_eabi.lib</file>
         <name>fs_tod_t2.asm.obj</name>
      </input_file>
      <input_file id="fl-d4">
         <path>C:\ti\ccsv8\tools\compiler\ti-cgt-arm_18.1.2.LTS\lib\</path>
         <kind>archive</kind>
         <file>rtsv7M4_T_le_v4SPD16_eabi.lib</file>
         <name>i_tofd_t2.asm.obj</name>
      </input_file>
      <input_file id="fl-d5">
         <path>C:\ti\ccsv8\tools\compiler\ti-cgt-arm_18.1.2.LTS\lib\</path>
         <kind>archive</kind>
         <file>rtsv7M4_T_le_v4SPD16_eabi.lib</file>
         <name>memcpy_t2.asm.obj</name>
      </input_file>
      <input_file id="fl-d6">
         <path>C:\ti\ccsv8\tools\compiler\ti-cgt-arm_18.1.2.LTS\lib\</path>
         <kind>archive</kind>
         <file>rtsv7M4_T_le_v4SPD16_eabi.lib</file>
         <name>u_tofd_t2.asm.obj</name>
      </input_file>
      <input_file id="fl-d7">
         <path>C:\ti\ccsv8\tools\compiler\ti-cgt-arm_18.1.2.LTS\lib\</path>
         <kind>archive</kind>
         <file>rtsv7M4_T_le_v4SPD16_eabi.lib</file>
         <name>copy_zero_init.c.obj</name>
      </input_file>
      <input_file id="fl-d8">
         <path>C:\ti\ccsv8\tools\compiler\ti-cgt-arm_18.1.2.LTS\lib\</path>
         <kind>archive</kind>
         <file>rtsv7M4_T_le_v4SPD16_eabi.lib</file>
         <name>copy_decompress_none.c.obj</name>
      </input_file>
      <input_file id="fl-d9">
         <path>C:\ti\ccsv8\tools\compiler\ti-cgt-arm_18.1.2.LTS\lib\</path>
         <kind>archive</kind>
         <file>rtsv7M4_T_le_v4SPD16_eabi.lib</file>
         <name>copy_decompress_lzss.c.obj</name>
      </input_file>
      <input_file id="fl-da">
         <path>C:\ti\ccsv8\tools\compiler\ti-cgt-arm_18.1.2.LTS\lib\</path>
         <kind>archive</kind>
         <file>rtsv7M4_T_le_v4SPD16_eabi.lib</file>
         <name>boot_cortex_m.c.obj</name>
      </input_file>
      <input_file id="fl-db">
         <path>C:\ti\ccsv8\tools\compiler\ti-cgt-arm_18.1.2.LTS\lib\</path>
         <kind>archive</kind>
         <file>rtsv7M4_T_le_v4SPD16_eabi.lib</file>
         <name>errno.c.obj</name>
      </input_file>
      <input_file id="fl-dc">
         <path>C:\ti\ccsv8\tools\compiler\ti-cgt-arm_18.1.2.LTS\lib\</path>
         <kind>archive</kind>
         <file>rtsv7M4_T_le_v4SPD16_eabi.lib</file>
         <name>exit.c.obj</name>
      </input_file>
      <input_file id="fl-dd">
         <path>C:\ti\ccsv8\tools\compiler\ti-cgt-arm_18.1.2.LTS\lib\</path>
         <kind>archive</kind>
         <file>rtsv7M4_T_le_v4SPD16_eabi.lib</file>
         <name>memory.c.obj</name>
      </input_file>
      <input_file id="fl-de">
         <path>C:\ti\ccsv8\tools\compiler\ti-cgt-arm_18.1.2.LTS\lib\</path>
         <kind>archive</kind>
         <file>rtsv7M4_T_le_v4SPD16_eabi.lib</file>
         <name>_lock.c.obj</name>
      </input_file>
      <input_file id="fl-df">
         <path>C:\ti\ccsv8\tools\compiler\ti-cgt-arm_18.1.2.LTS\lib\</path>
         <kind>archive</kind>
         <file>rtsv7M4_T_le_v4SPD16_eabi.lib</file>
         <name>args_main.c.obj</name>
      </input_file>
      <input_file id="fl-e0">
         <path>C:\ti\ccsv8\tools\compiler\ti-cgt-arm_18.1.2.LTS\lib\</path>
         <kind>archive</kind>
         <file>rtsv7M4_T_le_v4SPD16_eabi.lib</file>
         <name>sprintf.c.obj</name>
      </input_file>
      <input_file id="fl-e1">
         <path>C:\ti\ccsv8\tools\compiler\ti-cgt-arm_18.1.2.LTS\lib\</path>
         <kind>archive</kind>
         <file>rtsv7M4_T_le_v4SPD16_eabi.lib</file>
         <name>strcmp.c.obj</name>
      </input_file>
      <input_file id="fl-e2">
         <path>C:\ti\ccsv8\tools\compiler\ti-cgt-arm_18.1.2.LTS\lib\</path>
         <kind>archive</kind>
         <file>rtsv7M4_T_le_v4SPD16_eabi.lib</file>
         <name>strcpy.c.obj</name>
      </input_file>
      <input_file id="fl-e3">
         <path>C:\ti\ccsv8\tools\compiler\ti-cgt-arm_18.1.2.LTS\lib\</path>
         <kind>archive</kind>
         <file>rtsv7M4_T_le_v4SPD16_eabi.lib</file>
         <name>vsnprintf.c.obj</name>
      </input_file>
      <input_file id="fl-e4">
         <path>C:\ti\ccsv8\tools\compiler\ti-cgt-arm_18.1.2.LTS\lib\</path>
         <kind>archive</kind>
         <file>rtsv7M4_T_le_v4SPD16_eabi.lib</file>
         <name>k_rem_pio2.c.obj</name>
      </input_file>
      <input_file id="fl-e5">
         <path>C:\ti\ccsv8\tools\compiler\ti-cgt-arm_18.1.2.LTS\lib\</path>
         <kind>archive</kind>
         <file>rtsv7M4_T_le_v4SPD16_eabi.lib</file>
         <name>k_cos.c.obj</name>
      </input_file>
      <input_file id="fl-e6">
         <path>C:\ti\ccsv8\tools\compiler\ti-cgt-arm_18.1.2.LTS\lib\</path>
         <kind>archive</kind>
         <file>rtsv7M4_T_le_v4SPD16_eabi.lib</file>
         <name>k_sin.c.obj</name>
      </input_file>
      <input_file id="fl-e7">
         <path>C:\ti\ccsv8\tools\compiler\ti-cgt-arm_18.1.2.LTS\lib\</path>
         <kind>archive</kind>
         <file>rtsv7M4_T_le_v4SPD16_eabi.lib</file>
         <name>s_floor.c.obj</name>
      </input_file>
      <input_file id="fl-e8">
         <path>C:\ti\ccsv8\tools\compiler\ti-cgt-arm_18.1.2.LTS\lib\</path>
         <kind>archive</kind>
         <file>rtsv7M4_T_le_v4SPD16_eabi.lib</file>
         <name>memset_t2.asm.obj</name>
      </input_file>
      <input_file id="fl-e9">
         <path>C:\ti\ccsv8\tools\compiler\ti-cgt-arm_18.1.2.LTS\lib\</path>
         <kind>archive</kind>
         <file>rtsv7M4_T_le_v4SPD16_eabi.lib</file>
         <name>autoinit.c.obj</name>
      </input_file>
      <input_file id="fl-ea">
         <path>C:\ti\ccsv8\tools\compiler\ti-cgt-arm_18.1.2.LTS\lib\</path>
         <kind>archive</kind>
         <file>rtsv7M4_T_le_v4SPD16_eabi.lib</file>
         <name>pre_init.c.obj</name>
      </input_file>
      <input_file id="fl-eb">
         <path>C:\ti\ccsv8\tools\compiler\ti-cgt-arm_18.1.2.LTS\lib\</path>
         <kind>archive</kind>
         <file>rtsv7M4_T_le_v4SPD16_eabi.lib</file>
         <name>cpy_tbl.c.obj</name>
      </input_file>
      <input_file id="fl-ec">
         <path>C:\ti\ccsv8\tools\compiler\ti-cgt-arm_18.1.2.LTS\lib\</path>
         <kind>archive</kind>
         <file>rtsv7M4_T_le_v4SPD16_eabi.lib</file>
         <name>_printfi.c.obj</name>
      </input_file>
      <input_file id="fl-ed">
         <path>C:\ti\ccsv8\tools\compiler\ti-cgt-arm_18.1.2.LTS\lib\</path>
         <kind>archive</kind>
         <file>rtsv7M4_T_le_v4SPD16_eabi.lib</file>
         <name>atoi.c.obj</name>
      </input_file>
      <input_file id="fl-ee">
         <path>C:\ti\ccsv8\tools\compiler\ti-cgt-arm_18.1.2.LTS\lib\</path>
         <kind>archive</kind>
         <file>rtsv7M4_T_le_v4SPD16_eabi.lib</file>
         <name>ctype.c.obj</name>
      </input_file>
      <input_file id="fl-ef">
         <path>C:\ti\ccsv8\tools\compiler\ti-cgt-arm_18.1.2.LTS\lib\</path>
         <kind>archive</kind>
         <file>rtsv7M4_T_le_v4SPD16_eabi.lib</file>
         <name>ltoa.c.obj</name>
      </input_file>
      <input_file id="fl-f0">
         <path>C:\ti\ccsv8\tools\compiler\ti-cgt-arm_18.1.2.LTS\lib\</path>
         <kind>archive</kind>
         <file>rtsv7M4_T_le_v4SPD16_eabi.lib</file>
         <name>memccpy.c.obj</name>
      </input_file>
      <input_file id="fl-f1">
         <path>C:\ti\ccsv8\tools\compiler\ti-cgt-arm_18.1.2.LTS\lib\</path>
         <kind>archive</kind>
         <file>rtsv7M4_T_le_v4SPD16_eabi.lib</file>
         <name>strchr.c.obj</name>
      </input_file>
      <input_file id="fl-f2">
         <path>C:\ti\ccsv8\tools\compiler\ti-cgt-arm_18.1.2.LTS\lib\</path>
         <kind>archive</kind>
         <file>rtsv7M4_T_le_v4SPD16_eabi.lib</file>
         <name>strlen.c.obj</name>
      </input_file>
      <input_file id="fl-f3">
         <path>C:\ti\ccsv8\tools\compiler\ti-cgt-arm_18.1.2.LTS\lib\</path>
         <kind>archive</kind>
         <file>rtsv7M4_T_le_v4SPD16_eabi.lib</file>
         <name>s_frexp.c.obj</name>
      </input_file>
      <input_file id="fl-f4">
         <path>C:\ti\ccsv8\tools\compiler\ti-cgt-arm_18.1.2.LTS\lib\</path>
         <kind>archive</kind>
         <file>rtsv7M4_T_le_v4SPD16_eabi.lib</file>
         <name>wcslen.c.obj</name>
      </input_file>
      <input_file id="fl-f5">
         <path>C:\ti\ccsv8\tools\compiler\ti-cgt-arm_18.1.2.LTS\lib\</path>
         <kind>archive</kind>
         <file>rtsv7M4_T_le_v4SPD16_eabi.lib</file>
         <name>ull_div_t2.asm.obj</name>
      </input_file>
      <input_file id="fl-f6">
         <path>C:\ti\ccsv8\tools\compiler\ti-cgt-arm_18.1.2.LTS\lib\</path>
         <kind>archive</kind>
         <file>rtsv7M4_T_le_v4SPD16_eabi.lib</file>
         <name>div0.asm.obj</name>
      </input_file>
      <input_file id="fl-f7">
         <path>C:\ti\TivaWare_C_Series-2.1.4.178\driverlib\ccs\Debug\</path>
         <kind>archive</kind>
         <file>driverlib.lib</file>
         <name>interrupt.obj</name>
      </input_file>
      <input_file id="fl-f8">
         <path>C:\ti\TivaWare_C_Series-2.1.4.178\driverlib\ccs\Debug\</path>
         <kind>archive</kind>
         <file>driverlib.lib</file>
         <name>cpu.obj</name>
      </input_file>
   </input_file_list>
   <object_component_list>
      <object_component id="oc-f">
         <name>.intvecs</name>
         <load_address>0x0</load_address>
         <run_address>0x0</run_address>
         <size>0x26c</size>
         <input_file_ref idref="fl-9"/>
      </object_component>
      <object_component id="oc-1d0">
         <name>.text:__TI_printfi</name>
         <load_address>0x26c</load_address>
         <run_address>0x26c</run_address>
         <size>0xa5e</size>
         <input_file_ref idref="fl-ec"/>
      </object_component>
      <object_component id="oc-3af">
         <name>.text</name>
         <load_address>0xcca</load_address>
         <run_address>0xcca</run_address>
         <size>0x2</size>
         <input_file_ref idref="fl-f6"/>
      </object_component>
      <object_component id="oc-103">
         <name>.text:pow</name>
         <load_address>0xccc</load_address>
         <run_address>0xccc</run_address>
         <size>0x9c0</size>
         <input_file_ref idref="fl-c7"/>
      </object_component>
      <object_component id="oc-20d">
         <name>.text:__kernel_rem_pio2</name>
         <load_address>0x168c</load_address>
         <run_address>0x168c</run_address>
         <size>0x738</size>
         <input_file_ref idref="fl-e4"/>
      </object_component>
      <object_component id="oc-9f">
         <name>.text</name>
         <load_address>0x1dc4</load_address>
         <run_address>0x1dc4</run_address>
         <size>0x608</size>
         <input_file_ref idref="fl-6"/>
      </object_component>
      <object_component id="oc-127">
         <name>.text:cos</name>
         <load_address>0x23cc</load_address>
         <run_address>0x23cc</run_address>
         <size>0x5dc</size>
         <input_file_ref idref="fl-c9"/>
      </object_component>
      <object_component id="oc-e6">
         <name>.text</name>
         <load_address>0x29a8</load_address>
         <run_address>0x29a8</run_address>
         <size>0x4c8</size>
         <input_file_ref idref="fl-a"/>
      </object_component>
      <object_component id="oc-da">
         <name>.text</name>
         <load_address>0x2e70</load_address>
         <run_address>0x2e70</run_address>
         <size>0x4a0</size>
         <input_file_ref idref="fl-8"/>
      </object_component>
      <object_component id="oc-ec">
         <name>.text</name>
         <load_address>0x3310</load_address>
         <run_address>0x3310</run_address>
         <size>0x2ec</size>
         <input_file_ref idref="fl-5"/>
      </object_component>
      <object_component id="oc-2b1">
         <name>.text:_pconv_a</name>
         <load_address>0x35fc</load_address>
         <run_address>0x35fc</run_address>
         <size>0x270</size>
         <input_file_ref idref="fl-ec"/>
      </object_component>
      <object_component id="oc-e0">
         <name>.text</name>
         <load_address>0x386c</load_address>
         <run_address>0x386c</run_address>
         <size>0x224</size>
         <input_file_ref idref="fl-b"/>
      </object_component>
      <object_component id="oc-29f">
         <name>.text:_pconv_g</name>
         <load_address>0x3a90</load_address>
         <run_address>0x3a90</run_address>
         <size>0x1d0</size>
         <input_file_ref idref="fl-ec"/>
      </object_component>
      <object_component id="oc-109">
         <name>.text</name>
         <load_address>0x3c60</load_address>
         <run_address>0x3c60</run_address>
         <size>0x1b6</size>
         <input_file_ref idref="fl-cc"/>
      </object_component>
      <object_component id="oc-213">
         <name>.text:__kernel_sin</name>
         <load_address>0x3e18</load_address>
         <run_address>0x3e18</run_address>
         <size>0x174</size>
         <input_file_ref idref="fl-e6"/>
      </object_component>
      <object_component id="oc-207">
         <name>.text:__kernel_cos</name>
         <load_address>0x3f8c</load_address>
         <run_address>0x3f8c</run_address>
         <size>0x16c</size>
         <input_file_ref idref="fl-e5"/>
      </object_component>
      <object_component id="oc-f2">
         <name>.text</name>
         <load_address>0x40f8</load_address>
         <run_address>0x40f8</run_address>
         <size>0x158</size>
         <input_file_ref idref="fl-2"/>
      </object_component>
      <object_component id="oc-12d">
         <name>.text:sqrt</name>
         <load_address>0x4250</load_address>
         <run_address>0x4250</run_address>
         <size>0x158</size>
         <input_file_ref idref="fl-c8"/>
      </object_component>
      <object_component id="oc-2ab">
         <name>.text:_pconv_e</name>
         <load_address>0x43a8</load_address>
         <run_address>0x43a8</run_address>
         <size>0x13c</size>
         <input_file_ref idref="fl-ec"/>
      </object_component>
      <object_component id="oc-11d">
         <name>.text</name>
         <load_address>0x44e4</load_address>
         <run_address>0x44e4</run_address>
         <size>0x136</size>
         <input_file_ref idref="fl-ce"/>
      </object_component>
      <object_component id="oc-353">
         <name>.text:fcvt</name>
         <load_address>0x461c</load_address>
         <run_address>0x461c</run_address>
         <size>0x120</size>
         <input_file_ref idref="fl-ec"/>
      </object_component>
      <object_component id="oc-1ee">
         <name>.text:scalbn</name>
         <load_address>0x473c</load_address>
         <run_address>0x473c</run_address>
         <size>0x110</size>
         <input_file_ref idref="fl-ca"/>
      </object_component>
      <object_component id="oc-d4">
         <name>.text</name>
         <load_address>0x484c</load_address>
         <run_address>0x484c</run_address>
         <size>0x104</size>
         <input_file_ref idref="fl-3"/>
      </object_component>
      <object_component id="oc-118">
         <name>.text</name>
         <load_address>0x4950</load_address>
         <run_address>0x4950</run_address>
         <size>0xfc</size>
         <input_file_ref idref="fl-cf"/>
      </object_component>
      <object_component id="oc-2f1">
         <name>.text:floor</name>
         <load_address>0x4a4c</load_address>
         <run_address>0x4a4c</run_address>
         <size>0xf8</size>
         <input_file_ref idref="fl-e7"/>
      </object_component>
      <object_component id="oc-299">
         <name>.text:_ltostr</name>
         <load_address>0x4b44</load_address>
         <run_address>0x4b44</run_address>
         <size>0xb1</size>
         <input_file_ref idref="fl-ec"/>
      </object_component>
      <object_component id="oc-3b">
         <name>.text</name>
         <load_address>0x4bf6</load_address>
         <run_address>0x4bf6</run_address>
         <size>0x9c</size>
         <input_file_ref idref="fl-d5"/>
      </object_component>
      <object_component id="oc-33a">
         <name>.text</name>
         <load_address>0x4c92</load_address>
         <run_address>0x4c92</run_address>
         <size>0x96</size>
         <input_file_ref idref="fl-f5"/>
      </object_component>
      <object_component id="oc-18d">
         <name>.text:__aeabi_cdcmple</name>
         <load_address>0x4d28</load_address>
         <run_address>0x4d28</run_address>
         <size>0x86</size>
         <input_file_ref idref="fl-cd"/>
      </object_component>
      <object_component id="oc-192">
         <name>.text:__aeabi_cdrcmple</name>
         <load_address>0x4dae</load_address>
         <run_address>0x4dae</run_address>
         <size>0x86</size>
         <input_file_ref idref="fl-cd"/>
      </object_component>
      <object_component id="oc-93">
         <name>.text</name>
         <load_address>0x4e34</load_address>
         <run_address>0x4e34</run_address>
         <size>0x7a</size>
         <input_file_ref idref="fl-e8"/>
      </object_component>
      <object_component id="oc-34c">
         <name>.text:_mcpy</name>
         <load_address>0x4eae</load_address>
         <run_address>0x4eae</run_address>
         <size>0x6e</size>
         <input_file_ref idref="fl-ec"/>
      </object_component>
      <object_component id="oc-10e">
         <name>.text</name>
         <load_address>0x4f1c</load_address>
         <run_address>0x4f1c</run_address>
         <size>0x6e</size>
         <input_file_ref idref="fl-d1"/>
      </object_component>
      <object_component id="oc-12">
         <name>.text:decompress:lzss:__TI_decompress_lzss</name>
         <load_address>0x4f8a</load_address>
         <run_address>0x4f8a</run_address>
         <size>0x68</size>
         <input_file_ref idref="fl-d9"/>
      </object_component>
      <object_component id="oc-361">
         <name>.text:frexp</name>
         <load_address>0x4ff4</load_address>
         <run_address>0x4ff4</run_address>
         <size>0x64</size>
         <input_file_ref idref="fl-f3"/>
      </object_component>
      <object_component id="oc-2a5">
         <name>.text:_pconv_f</name>
         <load_address>0x5058</load_address>
         <run_address>0x5058</run_address>
         <size>0x56</size>
         <input_file_ref idref="fl-ec"/>
      </object_component>
      <object_component id="oc-340">
         <name>.text:ltoa</name>
         <load_address>0x50ae</load_address>
         <run_address>0x50ae</run_address>
         <size>0x54</size>
         <input_file_ref idref="fl-ef"/>
      </object_component>
      <object_component id="oc-346">
         <name>.text:_ecpy</name>
         <load_address>0x5102</load_address>
         <run_address>0x5102</run_address>
         <size>0x52</size>
         <input_file_ref idref="fl-ec"/>
      </object_component>
      <object_component id="oc-293">
         <name>.text:atoi</name>
         <load_address>0x5154</load_address>
         <run_address>0x5154</run_address>
         <size>0x4c</size>
         <input_file_ref idref="fl-ed"/>
      </object_component>
      <object_component id="oc-202">
         <name>.text</name>
         <load_address>0x51a0</load_address>
         <run_address>0x51a0</run_address>
         <size>0x48</size>
         <input_file_ref idref="fl-d0"/>
      </object_component>
      <object_component id="oc-144">
         <name>.text:__TI_auto_init_nobinit_nopinit:__TI_auto_init_nobinit_nopinit</name>
         <load_address>0x51e8</load_address>
         <run_address>0x51e8</run_address>
         <size>0x44</size>
         <input_file_ref idref="fl-e9"/>
      </object_component>
      <object_component id="oc-197">
         <name>.text</name>
         <load_address>0x522c</load_address>
         <run_address>0x522c</run_address>
         <size>0x44</size>
         <input_file_ref idref="fl-d2"/>
      </object_component>
      <object_component id="oc-f8">
         <name>.text:sprintf</name>
         <load_address>0x5270</load_address>
         <run_address>0x5270</run_address>
         <size>0x40</size>
         <input_file_ref idref="fl-e0"/>
      </object_component>
      <object_component id="oc-1ae">
         <name>.text:vsnprintf</name>
         <load_address>0x52b0</load_address>
         <run_address>0x52b0</run_address>
         <size>0x40</size>
         <input_file_ref idref="fl-e3"/>
      </object_component>
      <object_component id="oc-359">
         <name>.text:_fcpy</name>
         <load_address>0x52f0</load_address>
         <run_address>0x52f0</run_address>
         <size>0x3e</size>
         <input_file_ref idref="fl-ec"/>
      </object_component>
      <object_component id="oc-59">
         <name>.text:_c_int00_noargs:_c_int00_noargs</name>
         <load_address>0x5330</load_address>
         <run_address>0x5330</run_address>
         <size>0x38</size>
         <input_file_ref idref="fl-da"/>
      </object_component>
      <object_component id="oc-122">
         <name>.text</name>
         <load_address>0x5368</load_address>
         <run_address>0x5368</run_address>
         <size>0x38</size>
         <input_file_ref idref="fl-d3"/>
      </object_component>
      <object_component id="oc-181">
         <name>.text:IntRegister</name>
         <load_address>0x53a0</load_address>
         <run_address>0x53a0</run_address>
         <size>0x34</size>
         <input_file_ref idref="fl-f7"/>
      </object_component>
      <object_component id="oc-26a">
         <name>.text:_outs</name>
         <load_address>0x53d4</load_address>
         <run_address>0x53d4</run_address>
         <size>0x30</size>
         <input_file_ref idref="fl-e3"/>
      </object_component>
      <object_component id="oc-113">
         <name>.text</name>
         <load_address>0x5404</load_address>
         <run_address>0x5404</run_address>
         <size>0x2e</size>
         <input_file_ref idref="fl-d4"/>
      </object_component>
      <object_component id="oc-fe">
         <name>.text</name>
         <load_address>0x5432</load_address>
         <run_address>0x5432</run_address>
         <size>0x20</size>
         <input_file_ref idref="fl-d6"/>
      </object_component>
      <object_component id="oc-2b7">
         <name>.text:memccpy</name>
         <load_address>0x5452</load_address>
         <run_address>0x5452</run_address>
         <size>0x1c</size>
         <input_file_ref idref="fl-f0"/>
      </object_component>
      <object_component id="oc-270">
         <name>.text:_outc</name>
         <load_address>0x546e</load_address>
         <run_address>0x546e</run_address>
         <size>0x18</size>
         <input_file_ref idref="fl-e3"/>
      </object_component>
      <object_component id="oc-1d6">
         <name>.text:_outs</name>
         <load_address>0x5486</load_address>
         <run_address>0x5486</run_address>
         <size>0x18</size>
         <input_file_ref idref="fl-e0"/>
      </object_component>
      <object_component id="oc-1b4">
         <name>.text:strcmp</name>
         <load_address>0x549e</load_address>
         <run_address>0x549e</run_address>
         <size>0x18</size>
         <input_file_ref idref="fl-e1"/>
      </object_component>
      <object_component id="oc-367">
         <name>.text:strchr</name>
         <load_address>0x54b6</load_address>
         <run_address>0x54b6</run_address>
         <size>0x16</size>
         <input_file_ref idref="fl-f1"/>
      </object_component>
      <object_component id="oc-2da">
         <name>.text:copysign</name>
         <load_address>0x54cc</load_address>
         <run_address>0x54cc</run_address>
         <size>0x14</size>
         <input_file_ref idref="fl-cb"/>
      </object_component>
      <object_component id="oc-1ba">
         <name>.text:strcpy</name>
         <load_address>0x54e0</load_address>
         <run_address>0x54e0</run_address>
         <size>0x14</size>
         <input_file_ref idref="fl-e2"/>
      </object_component>
      <object_component id="oc-28d">
         <name>.text:strlen</name>
         <load_address>0x54f4</load_address>
         <run_address>0x54f4</run_address>
         <size>0x14</size>
         <input_file_ref idref="fl-f2"/>
      </object_component>
      <object_component id="oc-47">
         <name>.text:decompress:ZI:__TI_zero_init_nomemset:__TI_zero_init_nomemset</name>
         <load_address>0x5508</load_address>
         <run_address>0x5508</run_address>
         <size>0x12</size>
         <input_file_ref idref="fl-d7"/>
      </object_component>
      <object_component id="oc-2bd">
         <name>.text:wcslen</name>
         <load_address>0x551a</load_address>
         <run_address>0x551a</run_address>
         <size>0x12</size>
         <input_file_ref idref="fl-f4"/>
      </object_component>
      <object_component id="oc-187">
         <name>.text:IntMasterEnable</name>
         <load_address>0x552c</load_address>
         <run_address>0x552c</run_address>
         <size>0x10</size>
         <input_file_ref idref="fl-f7"/>
      </object_component>
      <object_component id="oc-1a7">
         <name>.text:lcd_clear</name>
         <load_address>0x553c</load_address>
         <run_address>0x553c</run_address>
         <size>0x10</size>
         <input_file_ref idref="fl-5"/>
      </object_component>
      <object_component id="oc-18">
         <name>.text:decompress:none:__TI_decompress_none</name>
         <load_address>0x554c</load_address>
         <run_address>0x554c</run_address>
         <size>0xe</size>
         <input_file_ref idref="fl-d8"/>
      </object_component>
      <object_component id="oc-254">
         <name>.text:CPUcpsie</name>
         <load_address>0x555a</load_address>
         <run_address>0x555a</run_address>
         <size>0xc</size>
         <input_file_ref idref="fl-f8"/>
      </object_component>
      <object_component id="oc-27">
         <name>.text</name>
         <load_address>0x5566</load_address>
         <run_address>0x5566</run_address>
         <size>0xc</size>
         <input_file_ref idref="fl-9"/>
      </object_component>
      <object_component id="oc-1dc">
         <name>.text:_outc</name>
         <load_address>0x5572</load_address>
         <run_address>0x5572</run_address>
         <size>0xa</size>
         <input_file_ref idref="fl-e0"/>
      </object_component>
      <object_component id="oc-1e5">
         <name>.text:__aeabi_errno_addr</name>
         <load_address>0x557c</load_address>
         <run_address>0x557c</run_address>
         <size>0x8</size>
         <input_file_ref idref="fl-db"/>
      </object_component>
      <object_component id="oc-99">
         <name>.text:_system_pre_init</name>
         <load_address>0x5584</load_address>
         <run_address>0x5584</run_address>
         <size>0x4</size>
         <input_file_ref idref="fl-ea"/>
      </object_component>
      <object_component id="oc-138">
         <name>.text:abort:abort</name>
         <load_address>0x5588</load_address>
         <run_address>0x5588</run_address>
         <size>0x4</size>
         <input_file_ref idref="fl-dc"/>
      </object_component>
      <object_component id="oc-2f7">
         <name>.const:$O1$$</name>
         <load_address>0x5590</load_address>
         <run_address>0x5590</run_address>
         <size>0x158</size>
         <input_file_ref idref="fl-e4"/>
      </object_component>
      <object_component id="oc-335">
         <name>.const:.string:_ctypes_</name>
         <load_address>0x56e8</load_address>
         <run_address>0x56e8</run_address>
         <size>0x101</size>
         <input_file_ref idref="fl-ee"/>
      </object_component>
      <object_component id="oc-1c0">
         <name>.const:.string:lineAddress$1</name>
         <load_address>0x57e9</load_address>
         <run_address>0x57e9</run_address>
         <size>0x4</size>
         <input_file_ref idref="fl-5"/>
      </object_component>
      <object_component id="oc-1eb">
         <name>.const:$O1$$</name>
         <load_address>0x57f0</load_address>
         <run_address>0x57f0</run_address>
         <size>0x30</size>
         <input_file_ref idref="fl-c7"/>
      </object_component>
      <object_component id="oc-1c1">
         <name>.const:.string:lineAddresses$2</name>
         <load_address>0x5820</load_address>
         <run_address>0x5820</run_address>
         <size>0x4</size>
         <input_file_ref idref="fl-5"/>
      </object_component>
      <object_component id="oc-402">
         <name>.cinit..data.load</name>
         <load_address>0x5828</load_address>
         <run_address>0x5828</run_address>
         <size>0x12</size>
      </object_component>
      <object_component id="oc-3ff">
         <name>__TI_handler_table</name>
         <load_address>0x583c</load_address>
         <run_address>0x583c</run_address>
         <size>0xc</size>
      </object_component>
      <object_component id="oc-403">
         <name>.cinit..bss.load</name>
         <load_address>0x5848</load_address>
         <run_address>0x5848</run_address>
         <size>0x8</size>
      </object_component>
      <object_component id="oc-401">
         <name>.cinit..vtable.load</name>
         <load_address>0x5850</load_address>
         <run_address>0x5850</run_address>
         <size>0x8</size>
      </object_component>
      <object_component id="oc-400">
         <name>__TI_cinit_table</name>
         <load_address>0x5858</load_address>
         <run_address>0x5858</run_address>
         <size>0x18</size>
      </object_component>
      <object_component id="oc-24a">
         <name>.vtable</name>
         <uninitialized>true</uninitialized>
         <run_address>0x20000000</run_address>
         <size>0x26c</size>
         <input_file_ref idref="fl-f7"/>
      </object_component>
      <object_component id="oc-178">
         <name>.data</name>
         <load_address>0x20000f08</load_address>
         <run_address>0x20000f08</run_address>
         <size>0x1</size>
         <input_file_ref idref="fl-3"/>
      </object_component>
      <object_component id="oc-133">
         <name>.data</name>
         <load_address>0x20000f00</load_address>
         <run_address>0x20000f00</run_address>
         <size>0x4</size>
         <input_file_ref idref="fl-6"/>
      </object_component>
      <object_component id="oc-17d">
         <name>.data</name>
         <load_address>0x20000ef0</load_address>
         <run_address>0x20000ef0</run_address>
         <size>0x8</size>
         <input_file_ref idref="fl-8"/>
      </object_component>
      <object_component id="oc-1a0">
         <name>.data</name>
         <load_address>0x20000ef8</load_address>
         <run_address>0x20000ef8</run_address>
         <size>0x8</size>
         <input_file_ref idref="fl-a"/>
      </object_component>
      <object_component id="oc-19c">
         <name>.data</name>
         <load_address>0x20000edc</load_address>
         <run_address>0x20000edc</run_address>
         <size>0x14</size>
         <input_file_ref idref="fl-b"/>
      </object_component>
      <object_component id="oc-2d3">
         <name>.data</name>
         <load_address>0x20000f04</load_address>
         <run_address>0x20000f04</run_address>
         <size>0x4</size>
         <input_file_ref idref="fl-db"/>
      </object_component>
      <object_component id="oc-1c2">
         <name>.bss:lastbuffer$3</name>
         <uninitialized>true</uninitialized>
         <run_address>0x20000e70</run_address>
         <size>0x54</size>
         <input_file_ref idref="fl-5"/>
      </object_component>
      <object_component id="oc-179">
         <name>.common:_prevButton</name>
         <uninitialized>true</uninitialized>
         <run_address>0x20000ed8</run_address>
         <size>0x1</size>
      </object_component>
      <object_component id="oc-1a3">
         <name>.common:in</name>
         <uninitialized>true</uninitialized>
         <run_address>0x20000ec4</run_address>
         <size>0x14</size>
      </object_component>
      <object_component id="oc-24">
         <name>.sysmem</name>
         <uninitialized>true</uninitialized>
         <run_address>0x20000a70</run_address>
         <size>0x8</size>
         <input_file_ref idref="fl-dd"/>
      </object_component>
      <object_component id="oc-405">
         <name>.sysmem</name>
         <uninitialized>true</uninitialized>
         <run_address>0x20000a70</run_address>
         <size>0x0</size>
      </object_component>
      <object_component id="oc-21">
         <name>.stack</name>
         <uninitialized>true</uninitialized>
         <run_address>0x20000270</run_address>
         <size>0x4</size>
         <input_file_ref idref="fl-da"/>
      </object_component>
      <object_component id="oc-404">
         <name>.stack</name>
         <uninitialized>true</uninitialized>
         <run_address>0x20000270</run_address>
         <size>0x0</size>
      </object_component>
      <object_component id="oc-c2">
         <name>.debug_info</name>
         <load_address>0x0</load_address>
         <run_address>0x0</run_address>
         <size>0x277</size>
         <input_file_ref idref="fl-2"/>
      </object_component>
      <object_component id="oc-f3">
         <name>.debug_info</name>
         <load_address>0x277</load_address>
         <run_address>0x277</run_address>
         <size>0x3e3</size>
         <input_file_ref idref="fl-2"/>
      </object_component>
      <object_component id="oc-74">
         <name>.debug_info</name>
         <load_address>0x65a</load_address>
         <run_address>0x65a</run_address>
         <size>0x26b</size>
         <input_file_ref idref="fl-2"/>
      </object_component>
      <object_component id="oc-36">
         <name>.debug_info</name>
         <load_address>0x8c5</load_address>
         <run_address>0x8c5</run_address>
         <size>0x84</size>
         <input_file_ref idref="fl-2"/>
      </object_component>
      <object_component id="oc-bd">
         <name>.debug_info</name>
         <load_address>0x949</load_address>
         <run_address>0x949</run_address>
         <size>0x297</size>
         <input_file_ref idref="fl-2"/>
      </object_component>
      <object_component id="oc-79">
         <name>.debug_info</name>
         <load_address>0xbe0</load_address>
         <run_address>0xbe0</run_address>
         <size>0xbb</size>
         <input_file_ref idref="fl-2"/>
      </object_component>
      <object_component id="oc-1cb">
         <name>.debug_info</name>
         <load_address>0xc9b</load_address>
         <run_address>0xc9b</run_address>
         <size>0x2c</size>
         <input_file_ref idref="fl-2"/>
      </object_component>
      <object_component id="oc-17a">
         <name>.debug_info</name>
         <load_address>0xcc7</load_address>
         <run_address>0xcc7</run_address>
         <size>0x277</size>
         <input_file_ref idref="fl-3"/>
      </object_component>
      <object_component id="oc-d5">
         <name>.debug_info</name>
         <load_address>0xf3e</load_address>
         <run_address>0xf3e</run_address>
         <size>0x3de</size>
         <input_file_ref idref="fl-3"/>
      </object_component>
      <object_component id="oc-288">
         <name>.debug_info</name>
         <load_address>0x131c</load_address>
         <run_address>0x131c</run_address>
         <size>0xcc</size>
         <input_file_ref idref="fl-3"/>
      </object_component>
      <object_component id="oc-1c5">
         <name>.debug_info</name>
         <load_address>0x13e8</load_address>
         <run_address>0x13e8</run_address>
         <size>0x2c</size>
         <input_file_ref idref="fl-3"/>
      </object_component>
      <object_component id="oc-1c4">
         <name>.debug_info</name>
         <load_address>0x1414</load_address>
         <run_address>0x1414</run_address>
         <size>0x378</size>
         <input_file_ref idref="fl-5"/>
      </object_component>
      <object_component id="oc-1a8">
         <name>.debug_info</name>
         <load_address>0x178c</load_address>
         <run_address>0x178c</run_address>
         <size>0x113</size>
         <input_file_ref idref="fl-5"/>
      </object_component>
      <object_component id="oc-ed">
         <name>.debug_info</name>
         <load_address>0x189f</load_address>
         <run_address>0x189f</run_address>
         <size>0x831</size>
         <input_file_ref idref="fl-5"/>
      </object_component>
      <object_component id="oc-137">
         <name>.debug_info</name>
         <load_address>0x20d0</load_address>
         <run_address>0x20d0</run_address>
         <size>0x4dd</size>
         <input_file_ref idref="fl-6"/>
      </object_component>
      <object_component id="oc-134">
         <name>.debug_info</name>
         <load_address>0x25ad</load_address>
         <run_address>0x25ad</run_address>
         <size>0xbf</size>
         <input_file_ref idref="fl-6"/>
      </object_component>
      <object_component id="oc-a0">
         <name>.debug_info</name>
         <load_address>0x266c</load_address>
         <run_address>0x266c</run_address>
         <size>0x558</size>
         <input_file_ref idref="fl-6"/>
      </object_component>
      <object_component id="oc-221">
         <name>.debug_info</name>
         <load_address>0x2bc4</load_address>
         <run_address>0x2bc4</run_address>
         <size>0xb2</size>
         <input_file_ref idref="fl-6"/>
      </object_component>
      <object_component id="oc-17e">
         <name>.debug_info</name>
         <load_address>0x2c76</load_address>
         <run_address>0x2c76</run_address>
         <size>0xcb</size>
         <input_file_ref idref="fl-8"/>
      </object_component>
      <object_component id="oc-dc">
         <name>.debug_info</name>
         <load_address>0x2d41</load_address>
         <run_address>0x2d41</run_address>
         <size>0x651</size>
         <input_file_ref idref="fl-8"/>
      </object_component>
      <object_component id="oc-2f">
         <name>.debug_info</name>
         <load_address>0x3392</load_address>
         <run_address>0x3392</run_address>
         <size>0x29a</size>
         <input_file_ref idref="fl-9"/>
      </object_component>
      <object_component id="oc-10">
         <name>.debug_info</name>
         <load_address>0x362c</load_address>
         <run_address>0x362c</run_address>
         <size>0xd9</size>
         <input_file_ref idref="fl-9"/>
      </object_component>
      <object_component id="oc-29">
         <name>.debug_info</name>
         <load_address>0x3705</load_address>
         <run_address>0x3705</run_address>
         <size>0x255</size>
         <input_file_ref idref="fl-9"/>
      </object_component>
      <object_component id="oc-1a4">
         <name>.debug_info</name>
         <load_address>0x395a</load_address>
         <run_address>0x395a</run_address>
         <size>0x2fb</size>
         <input_file_ref idref="fl-a"/>
      </object_component>
      <object_component id="oc-1a1">
         <name>.debug_info</name>
         <load_address>0x3c55</load_address>
         <run_address>0x3c55</run_address>
         <size>0xd0</size>
         <input_file_ref idref="fl-a"/>
      </object_component>
      <object_component id="oc-e7">
         <name>.debug_info</name>
         <load_address>0x3d25</load_address>
         <run_address>0x3d25</run_address>
         <size>0x479</size>
         <input_file_ref idref="fl-a"/>
      </object_component>
      <object_component id="oc-265">
         <name>.debug_info</name>
         <load_address>0x419e</load_address>
         <run_address>0x419e</run_address>
         <size>0x2d6</size>
         <input_file_ref idref="fl-b"/>
      </object_component>
      <object_component id="oc-19d">
         <name>.debug_info</name>
         <load_address>0x4474</load_address>
         <run_address>0x4474</run_address>
         <size>0x155</size>
         <input_file_ref idref="fl-b"/>
      </object_component>
      <object_component id="oc-e1">
         <name>.debug_info</name>
         <load_address>0x45c9</load_address>
         <run_address>0x45c9</run_address>
         <size>0x39a</size>
         <input_file_ref idref="fl-b"/>
      </object_component>
      <object_component id="oc-1fa">
         <name>.debug_info</name>
         <load_address>0x4963</load_address>
         <run_address>0x4963</run_address>
         <size>0x358</size>
         <input_file_ref idref="fl-c7"/>
      </object_component>
      <object_component id="oc-1ec">
         <name>.debug_info</name>
         <load_address>0x4cbb</load_address>
         <run_address>0x4cbb</run_address>
         <size>0x11d</size>
         <input_file_ref idref="fl-c7"/>
      </object_component>
      <object_component id="oc-107">
         <name>.debug_info</name>
         <load_address>0x4dd8</load_address>
         <run_address>0x4dd8</run_address>
         <size>0xbd9</size>
         <input_file_ref idref="fl-c7"/>
      </object_component>
      <object_component id="oc-2e7">
         <name>.debug_info</name>
         <load_address>0x59b1</load_address>
         <run_address>0x59b1</run_address>
         <size>0x46</size>
         <input_file_ref idref="fl-c7"/>
      </object_component>
      <object_component id="oc-1f5">
         <name>.debug_info</name>
         <load_address>0x59f7</load_address>
         <run_address>0x59f7</run_address>
         <size>0x39</size>
         <input_file_ref idref="fl-c7"/>
      </object_component>
      <object_component id="oc-21c">
         <name>.debug_info</name>
         <load_address>0x5a30</load_address>
         <run_address>0x5a30</run_address>
         <size>0x2bf</size>
         <input_file_ref idref="fl-c8"/>
      </object_component>
      <object_component id="oc-12e">
         <name>.debug_info</name>
         <load_address>0x5cef</load_address>
         <run_address>0x5cef</run_address>
         <size>0x242</size>
         <input_file_ref idref="fl-c8"/>
      </object_component>
      <object_component id="oc-21a">
         <name>.debug_info</name>
         <load_address>0x5f31</load_address>
         <run_address>0x5f31</run_address>
         <size>0x390</size>
         <input_file_ref idref="fl-c9"/>
      </object_component>
      <object_component id="oc-128">
         <name>.debug_info</name>
         <load_address>0x62c1</load_address>
         <run_address>0x62c1</run_address>
         <size>0x790</size>
         <input_file_ref idref="fl-c9"/>
      </object_component>
      <object_component id="oc-2e1">
         <name>.debug_info</name>
         <load_address>0x6a51</load_address>
         <run_address>0x6a51</run_address>
         <size>0x2f2</size>
         <input_file_ref idref="fl-ca"/>
      </object_component>
      <object_component id="oc-1ef">
         <name>.debug_info</name>
         <load_address>0x6d43</load_address>
         <run_address>0x6d43</run_address>
         <size>0x21a</size>
         <input_file_ref idref="fl-ca"/>
      </object_component>
      <object_component id="oc-38a">
         <name>.debug_info</name>
         <load_address>0x6f5d</load_address>
         <run_address>0x6f5d</run_address>
         <size>0x39</size>
         <input_file_ref idref="fl-ca"/>
      </object_component>
      <object_component id="oc-2e2">
         <name>.debug_info</name>
         <load_address>0x6f96</load_address>
         <run_address>0x6f96</run_address>
         <size>0x2c</size>
         <input_file_ref idref="fl-ca"/>
      </object_component>
      <object_component id="oc-2db">
         <name>.debug_info</name>
         <load_address>0x6fc2</load_address>
         <run_address>0x6fc2</run_address>
         <size>0x156</size>
         <input_file_ref idref="fl-cb"/>
      </object_component>
      <object_component id="oc-10a">
         <name>.debug_info</name>
         <load_address>0x7118</load_address>
         <run_address>0x7118</run_address>
         <size>0x144</size>
         <input_file_ref idref="fl-cc"/>
      </object_component>
      <object_component id="oc-18f">
         <name>.debug_info</name>
         <load_address>0x725c</load_address>
         <run_address>0x725c</run_address>
         <size>0x120</size>
         <input_file_ref idref="fl-cd"/>
      </object_component>
      <object_component id="oc-195">
         <name>.debug_info</name>
         <load_address>0x737c</load_address>
         <run_address>0x737c</run_address>
         <size>0x122</size>
         <input_file_ref idref="fl-cd"/>
      </object_component>
      <object_component id="oc-11e">
         <name>.debug_info</name>
         <load_address>0x749e</load_address>
         <run_address>0x749e</run_address>
         <size>0x132</size>
         <input_file_ref idref="fl-ce"/>
      </object_component>
      <object_component id="oc-11b">
         <name>.debug_info</name>
         <load_address>0x75d0</load_address>
         <run_address>0x75d0</run_address>
         <size>0x132</size>
         <input_file_ref idref="fl-cf"/>
      </object_component>
      <object_component id="oc-204">
         <name>.debug_info</name>
         <load_address>0x7702</load_address>
         <run_address>0x7702</run_address>
         <size>0x126</size>
         <input_file_ref idref="fl-d0"/>
      </object_component>
      <object_component id="oc-111">
         <name>.debug_info</name>
         <load_address>0x7828</load_address>
         <run_address>0x7828</run_address>
         <size>0x136</size>
         <input_file_ref idref="fl-d1"/>
      </object_component>
      <object_component id="oc-19a">
         <name>.debug_info</name>
         <load_address>0x795e</load_address>
         <run_address>0x795e</run_address>
         <size>0x131</size>
         <input_file_ref idref="fl-d2"/>
      </object_component>
      <object_component id="oc-123">
         <name>.debug_info</name>
         <load_address>0x7a8f</load_address>
         <run_address>0x7a8f</run_address>
         <size>0x124</size>
         <input_file_ref idref="fl-d3"/>
      </object_component>
      <object_component id="oc-115">
         <name>.debug_info</name>
         <load_address>0x7bb3</load_address>
         <run_address>0x7bb3</run_address>
         <size>0x124</size>
         <input_file_ref idref="fl-d4"/>
      </object_component>
      <object_component id="oc-3c">
         <name>.debug_info</name>
         <load_address>0x7cd7</load_address>
         <run_address>0x7cd7</run_address>
         <size>0x111</size>
         <input_file_ref idref="fl-d5"/>
      </object_component>
      <object_component id="oc-101">
         <name>.debug_info</name>
         <load_address>0x7de8</load_address>
         <run_address>0x7de8</run_address>
         <size>0x126</size>
         <input_file_ref idref="fl-d6"/>
      </object_component>
      <object_component id="oc-92">
         <name>.debug_info</name>
         <load_address>0x7f0e</load_address>
         <run_address>0x7f0e</run_address>
         <size>0x313</size>
         <input_file_ref idref="fl-d7"/>
      </object_component>
      <object_component id="oc-48">
         <name>.debug_info</name>
         <load_address>0x8221</load_address>
         <run_address>0x8221</run_address>
         <size>0x1b4</size>
         <input_file_ref idref="fl-d7"/>
      </object_component>
      <object_component id="oc-8d">
         <name>.debug_info</name>
         <load_address>0x83d5</load_address>
         <run_address>0x83d5</run_address>
         <size>0x46</size>
         <input_file_ref idref="fl-d7"/>
      </object_component>
      <object_component id="oc-cb">
         <name>.debug_info</name>
         <load_address>0x841b</load_address>
         <run_address>0x841b</run_address>
         <size>0x2c</size>
         <input_file_ref idref="fl-d7"/>
      </object_component>
      <object_component id="oc-46">
         <name>.debug_info</name>
         <load_address>0x8447</load_address>
         <run_address>0x8447</run_address>
         <size>0x29d</size>
         <input_file_ref idref="fl-d8"/>
      </object_component>
      <object_component id="oc-19">
         <name>.debug_info</name>
         <load_address>0x86e4</load_address>
         <run_address>0x86e4</run_address>
         <size>0x1df</size>
         <input_file_ref idref="fl-d8"/>
      </object_component>
      <object_component id="oc-41">
         <name>.debug_info</name>
         <load_address>0x88c3</load_address>
         <run_address>0x88c3</run_address>
         <size>0x46</size>
         <input_file_ref idref="fl-d8"/>
      </object_component>
      <object_component id="oc-85">
         <name>.debug_info</name>
         <load_address>0x8909</load_address>
         <run_address>0x8909</run_address>
         <size>0x2c</size>
         <input_file_ref idref="fl-d8"/>
      </object_component>
      <object_component id="oc-83">
         <name>.debug_info</name>
         <load_address>0x8935</load_address>
         <run_address>0x8935</run_address>
         <size>0x293</size>
         <input_file_ref idref="fl-d9"/>
      </object_component>
      <object_component id="oc-16">
         <name>.debug_info</name>
         <load_address>0x8bc8</load_address>
         <run_address>0x8bc8</run_address>
         <size>0x245</size>
         <input_file_ref idref="fl-d9"/>
      </object_component>
      <object_component id="oc-31">
         <name>.debug_info</name>
         <load_address>0x8e0d</load_address>
         <run_address>0x8e0d</run_address>
         <size>0x60</size>
         <input_file_ref idref="fl-d9"/>
      </object_component>
      <object_component id="oc-c4">
         <name>.debug_info</name>
         <load_address>0x8e6d</load_address>
         <run_address>0x8e6d</run_address>
         <size>0x46</size>
         <input_file_ref idref="fl-d9"/>
      </object_component>
      <object_component id="oc-7e">
         <name>.debug_info</name>
         <load_address>0x8eb3</load_address>
         <run_address>0x8eb3</run_address>
         <size>0x39</size>
         <input_file_ref idref="fl-d9"/>
      </object_component>
      <object_component id="oc-22">
         <name>.debug_info</name>
         <load_address>0x8eec</load_address>
         <run_address>0x8eec</run_address>
         <size>0x100</size>
         <input_file_ref idref="fl-da"/>
      </object_component>
      <object_component id="oc-5a">
         <name>.debug_info</name>
         <load_address>0x8fec</load_address>
         <run_address>0x8fec</run_address>
         <size>0x1a4</size>
         <input_file_ref idref="fl-da"/>
      </object_component>
      <object_component id="oc-2d7">
         <name>.debug_info</name>
         <load_address>0x9190</load_address>
         <run_address>0x9190</run_address>
         <size>0x27e</size>
         <input_file_ref idref="fl-db"/>
      </object_component>
      <object_component id="oc-2d4">
         <name>.debug_info</name>
         <load_address>0x940e</load_address>
         <run_address>0x940e</run_address>
         <size>0x103</size>
         <input_file_ref idref="fl-db"/>
      </object_component>
      <object_component id="oc-1e9">
         <name>.debug_info</name>
         <load_address>0x9511</load_address>
         <run_address>0x9511</run_address>
         <size>0x143</size>
         <input_file_ref idref="fl-db"/>
      </object_component>
      <object_component id="oc-13a">
         <name>.debug_info</name>
         <load_address>0x9654</load_address>
         <run_address>0x9654</run_address>
         <size>0x117</size>
         <input_file_ref idref="fl-dc"/>
      </object_component>
      <object_component id="oc-6f">
         <name>.debug_info</name>
         <load_address>0x976b</load_address>
         <run_address>0x976b</run_address>
         <size>0x3bb</size>
         <input_file_ref idref="fl-dd"/>
      </object_component>
      <object_component id="oc-25">
         <name>.debug_info</name>
         <load_address>0x9b26</load_address>
         <run_address>0x9b26</run_address>
         <size>0x101</size>
         <input_file_ref idref="fl-dd"/>
      </object_component>
      <object_component id="oc-b3">
         <name>.debug_info</name>
         <load_address>0x9c27</load_address>
         <run_address>0x9c27</run_address>
         <size>0x2c</size>
         <input_file_ref idref="fl-dd"/>
      </object_component>
      <object_component id="oc-b8">
         <name>.debug_info</name>
         <load_address>0x9c53</load_address>
         <run_address>0x9c53</run_address>
         <size>0x62</size>
         <input_file_ref idref="fl-dd"/>
      </object_component>
      <object_component id="oc-1e3">
         <name>.debug_info</name>
         <load_address>0x9cb5</load_address>
         <run_address>0x9cb5</run_address>
         <size>0x328</size>
         <input_file_ref idref="fl-e0"/>
      </object_component>
      <object_component id="oc-f9">
         <name>.debug_info</name>
         <load_address>0x9fdd</load_address>
         <run_address>0x9fdd</run_address>
         <size>0x1c6</size>
         <input_file_ref idref="fl-e0"/>
      </object_component>
      <object_component id="oc-1d7">
         <name>.debug_info</name>
         <load_address>0xa1a3</load_address>
         <run_address>0xa1a3</run_address>
         <size>0x182</size>
         <input_file_ref idref="fl-e0"/>
      </object_component>
      <object_component id="oc-1dd">
         <name>.debug_info</name>
         <load_address>0xa325</load_address>
         <run_address>0xa325</run_address>
         <size>0x162</size>
         <input_file_ref idref="fl-e0"/>
      </object_component>
      <object_component id="oc-278">
         <name>.debug_info</name>
         <load_address>0xa487</load_address>
         <run_address>0xa487</run_address>
         <size>0x2c</size>
         <input_file_ref idref="fl-e0"/>
      </object_component>
      <object_component id="oc-283">
         <name>.debug_info</name>
         <load_address>0xa4b3</load_address>
         <run_address>0xa4b3</run_address>
         <size>0x27f</size>
         <input_file_ref idref="fl-e1"/>
      </object_component>
      <object_component id="oc-1b6">
         <name>.debug_info</name>
         <load_address>0xa732</load_address>
         <run_address>0xa732</run_address>
         <size>0x258</size>
         <input_file_ref idref="fl-e1"/>
      </object_component>
      <object_component id="oc-285">
         <name>.debug_info</name>
         <load_address>0xa98a</load_address>
         <run_address>0xa98a</run_address>
         <size>0x299</size>
         <input_file_ref idref="fl-e2"/>
      </object_component>
      <object_component id="oc-1bb">
         <name>.debug_info</name>
         <load_address>0xac23</load_address>
         <run_address>0xac23</run_address>
         <size>0x231</size>
         <input_file_ref idref="fl-e2"/>
      </object_component>
      <object_component id="oc-277">
         <name>.debug_info</name>
         <load_address>0xae54</load_address>
         <run_address>0xae54</run_address>
         <size>0x335</size>
         <input_file_ref idref="fl-e3"/>
      </object_component>
      <object_component id="oc-1b1">
         <name>.debug_info</name>
         <load_address>0xb189</load_address>
         <run_address>0xb189</run_address>
         <size>0x1fd</size>
         <input_file_ref idref="fl-e3"/>
      </object_component>
      <object_component id="oc-26d">
         <name>.debug_info</name>
         <load_address>0xb386</load_address>
         <run_address>0xb386</run_address>
         <size>0x1bb</size>
         <input_file_ref idref="fl-e3"/>
      </object_component>
      <object_component id="oc-273">
         <name>.debug_info</name>
         <load_address>0xb541</load_address>
         <run_address>0xb541</run_address>
         <size>0x16e</size>
         <input_file_ref idref="fl-e3"/>
      </object_component>
      <object_component id="oc-27d">
         <name>.debug_info</name>
         <load_address>0xb6af</load_address>
         <run_address>0xb6af</run_address>
         <size>0x69</size>
         <input_file_ref idref="fl-e3"/>
      </object_component>
      <object_component id="oc-2fb">
         <name>.debug_info</name>
         <load_address>0xb718</load_address>
         <run_address>0xb718</run_address>
         <size>0x39f</size>
         <input_file_ref idref="fl-e4"/>
      </object_component>
      <object_component id="oc-2f8">
         <name>.debug_info</name>
         <load_address>0xbab7</load_address>
         <run_address>0xbab7</run_address>
         <size>0x12f</size>
         <input_file_ref idref="fl-e4"/>
      </object_component>
      <object_component id="oc-20f">
         <name>.debug_info</name>
         <load_address>0xbbe6</load_address>
         <run_address>0xbbe6</run_address>
         <size>0x724</size>
         <input_file_ref idref="fl-e4"/>
      </object_component>
      <object_component id="oc-2f0">
         <name>.debug_info</name>
         <load_address>0xc30a</load_address>
         <run_address>0xc30a</run_address>
         <size>0x282</size>
         <input_file_ref idref="fl-e5"/>
      </object_component>
      <object_component id="oc-208">
         <name>.debug_info</name>
         <load_address>0xc58c</load_address>
         <run_address>0xc58c</run_address>
         <size>0x31c</size>
         <input_file_ref idref="fl-e5"/>
      </object_component>
      <object_component id="oc-2fe">
         <name>.debug_info</name>
         <load_address>0xc8a8</load_address>
         <run_address>0xc8a8</run_address>
         <size>0x287</size>
         <input_file_ref idref="fl-e6"/>
      </object_component>
      <object_component id="oc-214">
         <name>.debug_info</name>
         <load_address>0xcb2f</load_address>
         <run_address>0xcb2f</run_address>
         <size>0x375</size>
         <input_file_ref idref="fl-e6"/>
      </object_component>
      <object_component id="oc-392">
         <name>.debug_info</name>
         <load_address>0xcea4</load_address>
         <run_address>0xcea4</run_address>
         <size>0x284</size>
         <input_file_ref idref="fl-e7"/>
      </object_component>
      <object_component id="oc-2f2">
         <name>.debug_info</name>
         <load_address>0xd128</load_address>
         <run_address>0xd128</run_address>
         <size>0x21f</size>
         <input_file_ref idref="fl-e7"/>
      </object_component>
      <object_component id="oc-94">
         <name>.debug_info</name>
         <load_address>0xd347</load_address>
         <run_address>0xd347</run_address>
         <size>0x13f</size>
         <input_file_ref idref="fl-e8"/>
      </object_component>
      <object_component id="oc-231">
         <name>.debug_info</name>
         <load_address>0xd486</load_address>
         <run_address>0xd486</run_address>
         <size>0x547</size>
         <input_file_ref idref="fl-e9"/>
      </object_component>
      <object_component id="oc-145">
         <name>.debug_info</name>
         <load_address>0xd9cd</load_address>
         <run_address>0xd9cd</run_address>
         <size>0x19b</size>
         <input_file_ref idref="fl-e9"/>
      </object_component>
      <object_component id="oc-313">
         <name>.debug_info</name>
         <load_address>0xdb68</load_address>
         <run_address>0xdb68</run_address>
         <size>0x39</size>
         <input_file_ref idref="fl-e9"/>
      </object_component>
      <object_component id="oc-39c">
         <name>.debug_info</name>
         <load_address>0xdba1</load_address>
         <run_address>0xdba1</run_address>
         <size>0x39</size>
         <input_file_ref idref="fl-e9"/>
      </object_component>
      <object_component id="oc-318">
         <name>.debug_info</name>
         <load_address>0xdbda</load_address>
         <run_address>0xdbda</run_address>
         <size>0x39</size>
         <input_file_ref idref="fl-e9"/>
      </object_component>
      <object_component id="oc-31d">
         <name>.debug_info</name>
         <load_address>0xdc13</load_address>
         <run_address>0xdc13</run_address>
         <size>0xcd</size>
         <input_file_ref idref="fl-e9"/>
      </object_component>
      <object_component id="oc-9a">
         <name>.debug_info</name>
         <load_address>0xdce0</load_address>
         <run_address>0xdce0</run_address>
         <size>0x148</size>
         <input_file_ref idref="fl-ea"/>
      </object_component>
      <object_component id="oc-2c4">
         <name>.debug_info</name>
         <load_address>0xde28</load_address>
         <run_address>0xde28</run_address>
         <size>0x8a6</size>
         <input_file_ref idref="fl-ec"/>
      </object_component>
      <object_component id="oc-29a">
         <name>.debug_info</name>
         <load_address>0xe6ce</load_address>
         <run_address>0xe6ce</run_address>
         <size>0x213</size>
         <input_file_ref idref="fl-ec"/>
      </object_component>
      <object_component id="oc-347">
         <name>.debug_info</name>
         <load_address>0xe8e1</load_address>
         <run_address>0xe8e1</run_address>
         <size>0x1a8</size>
         <input_file_ref idref="fl-ec"/>
      </object_component>
      <object_component id="oc-34d">
         <name>.debug_info</name>
         <load_address>0xea89</load_address>
         <run_address>0xea89</run_address>
         <size>0x210</size>
         <input_file_ref idref="fl-ec"/>
      </object_component>
      <object_component id="oc-2a1">
         <name>.debug_info</name>
         <load_address>0xec99</load_address>
         <run_address>0xec99</run_address>
         <size>0x3b0</size>
         <input_file_ref idref="fl-ec"/>
      </object_component>
      <object_component id="oc-355">
         <name>.debug_info</name>
         <load_address>0xf049</load_address>
         <run_address>0xf049</run_address>
         <size>0x2fa</size>
         <input_file_ref idref="fl-ec"/>
      </object_component>
      <object_component id="oc-35b">
         <name>.debug_info</name>
         <load_address>0xf343</load_address>
         <run_address>0xf343</run_address>
         <size>0x20a</size>
         <input_file_ref idref="fl-ec"/>
      </object_component>
      <object_component id="oc-2a6">
         <name>.debug_info</name>
         <load_address>0xf54d</load_address>
         <run_address>0xf54d</run_address>
         <size>0x20a</size>
         <input_file_ref idref="fl-ec"/>
      </object_component>
      <object_component id="oc-2ac">
         <name>.debug_info</name>
         <load_address>0xf757</load_address>
         <run_address>0xf757</run_address>
         <size>0x2f9</size>
         <input_file_ref idref="fl-ec"/>
      </object_component>
      <object_component id="oc-2b2">
         <name>.debug_info</name>
         <load_address>0xfa50</load_address>
         <run_address>0xfa50</run_address>
         <size>0x4a5</size>
         <input_file_ref idref="fl-ec"/>
      </object_component>
      <object_component id="oc-1d2">
         <name>.debug_info</name>
         <load_address>0xfef5</load_address>
         <run_address>0xfef5</run_address>
         <size>0x5cd</size>
         <input_file_ref idref="fl-ec"/>
      </object_component>
      <object_component id="oc-2c5">
         <name>.debug_info</name>
         <load_address>0x104c2</load_address>
         <run_address>0x104c2</run_address>
         <size>0x86</size>
         <input_file_ref idref="fl-ec"/>
      </object_component>
      <object_component id="oc-379">
         <name>.debug_info</name>
         <load_address>0x10548</load_address>
         <run_address>0x10548</run_address>
         <size>0x39</size>
         <input_file_ref idref="fl-ec"/>
      </object_component>
      <object_component id="oc-3c8">
         <name>.debug_info</name>
         <load_address>0x10581</load_address>
         <run_address>0x10581</run_address>
         <size>0xb6</size>
         <input_file_ref idref="fl-ec"/>
      </object_component>
      <object_component id="oc-37e">
         <name>.debug_info</name>
         <load_address>0x10637</load_address>
         <run_address>0x10637</run_address>
         <size>0x46</size>
         <input_file_ref idref="fl-ec"/>
      </object_component>
      <object_component id="oc-2ca">
         <name>.debug_info</name>
         <load_address>0x1067d</load_address>
         <run_address>0x1067d</run_address>
         <size>0x46</size>
         <input_file_ref idref="fl-ec"/>
      </object_component>
      <object_component id="oc-339">
         <name>.debug_info</name>
         <load_address>0x106c3</load_address>
         <run_address>0x106c3</run_address>
         <size>0x2ae</size>
         <input_file_ref idref="fl-ed"/>
      </object_component>
      <object_component id="oc-297">
         <name>.debug_info</name>
         <load_address>0x10971</load_address>
         <run_address>0x10971</run_address>
         <size>0x171</size>
         <input_file_ref idref="fl-ed"/>
      </object_component>
      <object_component id="oc-3ac">
         <name>.debug_info</name>
         <load_address>0x10ae2</load_address>
         <run_address>0x10ae2</run_address>
         <size>0xee</size>
         <input_file_ref idref="fl-ee"/>
      </object_component>
      <object_component id="oc-336">
         <name>.debug_info</name>
         <load_address>0x10bd0</load_address>
         <run_address>0x10bd0</run_address>
         <size>0xfa</size>
         <input_file_ref idref="fl-ee"/>
      </object_component>
      <object_component id="oc-3b6">
         <name>.debug_info</name>
         <load_address>0x10cca</load_address>
         <run_address>0x10cca</run_address>
         <size>0x290</size>
         <input_file_ref idref="fl-ef"/>
      </object_component>
      <object_component id="oc-343">
         <name>.debug_info</name>
         <load_address>0x10f5a</load_address>
         <run_address>0x10f5a</run_address>
         <size>0x1c2</size>
         <input_file_ref idref="fl-ef"/>
      </object_component>
      <object_component id="oc-36f">
         <name>.debug_info</name>
         <load_address>0x1111c</load_address>
         <run_address>0x1111c</run_address>
         <size>0x28b</size>
         <input_file_ref idref="fl-f0"/>
      </object_component>
      <object_component id="oc-2b9">
         <name>.debug_info</name>
         <load_address>0x113a7</load_address>
         <run_address>0x113a7</run_address>
         <size>0x1ab</size>
         <input_file_ref idref="fl-f0"/>
      </object_component>
      <object_component id="oc-3be">
         <name>.debug_info</name>
         <load_address>0x11552</load_address>
         <run_address>0x11552</run_address>
         <size>0x28f</size>
         <input_file_ref idref="fl-f1"/>
      </object_component>
      <object_component id="oc-368">
         <name>.debug_info</name>
         <load_address>0x117e1</load_address>
         <run_address>0x117e1</run_address>
         <size>0x247</size>
         <input_file_ref idref="fl-f1"/>
      </object_component>
      <object_component id="oc-334">
         <name>.debug_info</name>
         <load_address>0x11a28</load_address>
         <run_address>0x11a28</run_address>
         <size>0x284</size>
         <input_file_ref idref="fl-f2"/>
      </object_component>
      <object_component id="oc-28e">
         <name>.debug_info</name>
         <load_address>0x11cac</load_address>
         <run_address>0x11cac</run_address>
         <size>0x22a</size>
         <input_file_ref idref="fl-f2"/>
      </object_component>
      <object_component id="oc-3bc">
         <name>.debug_info</name>
         <load_address>0x11ed6</load_address>
         <run_address>0x11ed6</run_address>
         <size>0x28f</size>
         <input_file_ref idref="fl-f3"/>
      </object_component>
      <object_component id="oc-362">
         <name>.debug_info</name>
         <load_address>0x12165</load_address>
         <run_address>0x12165</run_address>
         <size>0x18a</size>
         <input_file_ref idref="fl-f3"/>
      </object_component>
      <object_component id="oc-376">
         <name>.debug_info</name>
         <load_address>0x122ef</load_address>
         <run_address>0x122ef</run_address>
         <size>0x284</size>
         <input_file_ref idref="fl-f4"/>
      </object_component>
      <object_component id="oc-2be">
         <name>.debug_info</name>
         <load_address>0x12573</load_address>
         <run_address>0x12573</run_address>
         <size>0x14f</size>
         <input_file_ref idref="fl-f4"/>
      </object_component>
      <object_component id="oc-3c1">
         <name>.debug_info</name>
         <load_address>0x126c2</load_address>
         <run_address>0x126c2</run_address>
         <size>0x46</size>
         <input_file_ref idref="fl-f4"/>
      </object_component>
      <object_component id="oc-371">
         <name>.debug_info</name>
         <load_address>0x12708</load_address>
         <run_address>0x12708</run_address>
         <size>0x39</size>
         <input_file_ref idref="fl-f4"/>
      </object_component>
      <object_component id="oc-33b">
         <name>.debug_info</name>
         <load_address>0x12741</load_address>
         <run_address>0x12741</run_address>
         <size>0x12c</size>
         <input_file_ref idref="fl-f5"/>
      </object_component>
      <object_component id="oc-3b1">
         <name>.debug_info</name>
         <load_address>0x1286d</load_address>
         <run_address>0x1286d</run_address>
         <size>0x10d</size>
         <input_file_ref idref="fl-f6"/>
      </object_component>
      <object_component id="oc-253">
         <name>.debug_info</name>
         <load_address>0x1297a</load_address>
         <run_address>0x1297a</run_address>
         <size>0x20e</size>
         <input_file_ref idref="fl-f7"/>
      </object_component>
      <object_component id="oc-24b">
         <name>.debug_info</name>
         <load_address>0x12b88</load_address>
         <run_address>0x12b88</run_address>
         <size>0x157</size>
         <input_file_ref idref="fl-f7"/>
      </object_component>
      <object_component id="oc-182">
         <name>.debug_info</name>
         <load_address>0x12cdf</load_address>
         <run_address>0x12cdf</run_address>
         <size>0x2c1</size>
         <input_file_ref idref="fl-f7"/>
      </object_component>
      <object_component id="oc-188">
         <name>.debug_info</name>
         <load_address>0x12fa0</load_address>
         <run_address>0x12fa0</run_address>
         <size>0x23e</size>
         <input_file_ref idref="fl-f7"/>
      </object_component>
      <object_component id="oc-25b">
         <name>.debug_info</name>
         <load_address>0x131de</load_address>
         <run_address>0x131de</run_address>
         <size>0x8b</size>
         <input_file_ref idref="fl-f7"/>
      </object_component>
      <object_component id="oc-24e">
         <name>.debug_info</name>
         <load_address>0x13269</load_address>
         <run_address>0x13269</run_address>
         <size>0x18b</size>
         <input_file_ref idref="fl-f7"/>
      </object_component>
      <object_component id="oc-258">
         <name>.debug_info</name>
         <load_address>0x133f4</load_address>
         <run_address>0x133f4</run_address>
         <size>0x212</size>
         <input_file_ref idref="fl-f8"/>
      </object_component>
      <object_component id="oc-406">
         <name>.debug_info</name>
         <load_address>0x13606</load_address>
         <run_address>0x13606</run_address>
         <size>0x8f</size>
      </object_component>
      <object_component id="oc-177">
         <name>.debug_line</name>
         <load_address>0x0</load_address>
         <run_address>0x0</run_address>
         <size>0x2e</size>
         <input_file_ref idref="fl-2"/>
      </object_component>
      <object_component id="oc-f7">
         <name>.debug_line</name>
         <load_address>0x2e</load_address>
         <run_address>0x2e</run_address>
         <size>0x110</size>
         <input_file_ref idref="fl-2"/>
      </object_component>
      <object_component id="oc-77">
         <name>.debug_line</name>
         <load_address>0x13e</load_address>
         <run_address>0x13e</run_address>
         <size>0x69</size>
         <input_file_ref idref="fl-2"/>
      </object_component>
      <object_component id="oc-39">
         <name>.debug_line</name>
         <load_address>0x1a7</load_address>
         <run_address>0x1a7</run_address>
         <size>0x20</size>
         <input_file_ref idref="fl-2"/>
      </object_component>
      <object_component id="oc-c0">
         <name>.debug_line</name>
         <load_address>0x1c7</load_address>
         <run_address>0x1c7</run_address>
         <size>0x6d</size>
         <input_file_ref idref="fl-2"/>
      </object_component>
      <object_component id="oc-7c">
         <name>.debug_line</name>
         <load_address>0x234</load_address>
         <run_address>0x234</run_address>
         <size>0x6a</size>
         <input_file_ref idref="fl-2"/>
      </object_component>
      <object_component id="oc-1ce">
         <name>.debug_line</name>
         <load_address>0x29e</load_address>
         <run_address>0x29e</run_address>
         <size>0x2e</size>
         <input_file_ref idref="fl-2"/>
      </object_component>
      <object_component id="oc-247">
         <name>.debug_line</name>
         <load_address>0x2cc</load_address>
         <run_address>0x2cc</run_address>
         <size>0x2f</size>
         <input_file_ref idref="fl-3"/>
      </object_component>
      <object_component id="oc-d8">
         <name>.debug_line</name>
         <load_address>0x2fb</load_address>
         <run_address>0x2fb</run_address>
         <size>0x111</size>
         <input_file_ref idref="fl-3"/>
      </object_component>
      <object_component id="oc-28b">
         <name>.debug_line</name>
         <load_address>0x40c</load_address>
         <run_address>0x40c</run_address>
         <size>0x64</size>
         <input_file_ref idref="fl-3"/>
      </object_component>
      <object_component id="oc-1c8">
         <name>.debug_line</name>
         <load_address>0x470</load_address>
         <run_address>0x470</run_address>
         <size>0x65</size>
         <input_file_ref idref="fl-3"/>
      </object_component>
      <object_component id="oc-287">
         <name>.debug_line</name>
         <load_address>0x4d5</load_address>
         <run_address>0x4d5</run_address>
         <size>0xb7</size>
[...]
         <object_component_ref idref="oc-f2"/>
      </symbol>
      <symbol id="sm-63">
         <name>timer_getClock</name>
         <value>0x4209</value>
         <object_component_ref idref="oc-f2"/>
      </symbol>
      <symbol id="sm-64">
         <name>timer_stopTimer</name>
         <value>0x41a7</value>
         <object_component_ref idref="oc-f2"/>
      </symbol>
      <symbol id="sm-65">
         <name>timer_startTimer</name>
         <value>0x4157</value>
         <object_component_ref idref="oc-f2"/>
      </symbol>
      <symbol id="sm-66">
         <name>timer_waitMillis</name>
         <value>0x40f9</value>
         <object_component_ref idref="oc-f2"/>
      </symbol>
      <symbol id="sm-67">
         <name>timer_waitMicros</name>
         <value>0x412d</value>
         <object_component_ref idref="oc-f2"/>
      </symbol>
      <symbol id="sm-9a">
         <name>_prevButton</name>
         <value>0x20000ed8</value>
      </symbol>
      <symbol id="sm-9b">
         <name>button_getButtonChangeBlocking</name>
         <value>0x4923</value>
         <object_component_ref idref="oc-d4"/>
      </symbol>
      <symbol id="sm-9c">
         <name>button_getButtonBlocking</name>
         <value>0x48e5</value>
         <object_component_ref idref="oc-d4"/>
      </symbol>
      <symbol id="sm-9d">
         <name>button_getButton</name>
         <value>0x4883</value>
         <object_component_ref idref="oc-d4"/>
      </symbol>
      <symbol id="sm-9e">
         <name>button_init</name>
         <value>0x484d</value>
         <object_component_ref idref="oc-d4"/>
      </symbol>
      <symbol id="sm-9f">
         <name>button_checkButtons</name>
         <value>0x4879</value>
         <object_component_ref idref="oc-d4"/>
      </symbol>
      <symbol id="sm-a0">
         <name>button_getButtonChange</name>
         <value>0x48f9</value>
         <object_component_ref idref="oc-d4"/>
      </symbol>
      <symbol id="sm-dd">
         <name>lcd_sendCommand</name>
         <value>0x3427</value>
         <object_component_ref idref="oc-ec"/>
      </symbol>
      <symbol id="sm-de">
         <name>lcd_sendNibble</name>
         <value>0x3465</value>
         <object_component_ref idref="oc-ec"/>
      </symbol>
      <symbol id="sm-df">
         <name>lcd_clear</name>
         <value>0x553d</value>
         <object_component_ref idref="oc-1a7"/>
      </symbol>
      <symbol id="sm-e0">
         <name>lcd_printf</name>
         <value>0x350f</value>
         <object_component_ref idref="oc-ec"/>
      </symbol>
      <symbol id="sm-e1">
         <name>lcd_setCursorPos</name>
         <value>0x34d1</value>
         <object_component_ref idref="oc-ec"/>
      </symbol>
      <symbol id="sm-e2">
         <name>lcd_init</name>
         <value>0x3311</value>
         <object_component_ref idref="oc-ec"/>
      </symbol>
      <symbol id="sm-e3">
         <name>lcd_puts</name>
         <value>0x3409</value>
         <object_component_ref idref="oc-ec"/>
      </symbol>
      <symbol id="sm-e4">
         <name>lcd_putc</name>
         <value>0x33d1</value>
         <object_component_ref idref="oc-ec"/>
      </symbol>
      <symbol id="sm-e5">
         <name>lcd_gotoLine</name>
         <value>0x34a9</value>
         <object_component_ref idref="oc-ec"/>
      </symbol>
      <symbol id="sm-11d">
         <name>last_dist</name>
         <value>0x20000f00</value>
         <object_component_ref idref="oc-133"/>
      </symbol>
      <symbol id="sm-11e">
         <name>main</name>
         <value>0x1dc5</value>
         <object_component_ref idref="oc-9f"/>
      </symbol>
      <symbol id="sm-172">
         <name>move_servo</name>
         <value>0x31b1</value>
         <object_component_ref idref="oc-da"/>
      </symbol>
      <symbol id="sm-173">
         <name>move_dumb_servo</name>
         <value>0x3189</value>
         <object_component_ref idref="oc-da"/>
      </symbol>
      <symbol id="sm-174">
         <name>servo_init</name>
         <value>0x2e71</value>
         <object_component_ref idref="oc-da"/>
      </symbol>
      <symbol id="sm-175">
         <name>calibrate</name>
         <value>0x2eff</value>
         <object_component_ref idref="oc-da"/>
      </symbol>
      <symbol id="sm-176">
         <name>min</name>
         <value>0x20000ef4</value>
         <object_component_ref idref="oc-17d"/>
      </symbol>
      <symbol id="sm-177">
         <name>move_manual</name>
         <value>0x3031</value>
         <object_component_ref idref="oc-da"/>
      </symbol>
      <symbol id="sm-178">
         <name>max</name>
         <value>0x20000ef0</value>
         <object_component_ref idref="oc-17d"/>
      </symbol>
      <symbol id="sm-194">
         <name>ResetISR</name>
         <value>0x5567</value>
         <object_component_ref idref="oc-27"/>
      </symbol>
      <symbol id="sm-195">
         <name>g_pfnVectors</name>
         <value>0x0</value>
         <object_component_ref idref="oc-f"/>
      </symbol>
      <symbol id="sm-1f5">
         <name>in</name>
         <value>0x20000ec4</value>
      </symbol>
      <symbol id="sm-1f6">
         <name>UART1_Handler</name>
         <value>0x2dfd</value>
         <object_component_ref idref="oc-e6"/>
      </symbol>
      <symbol id="sm-1f7">
         <name>get_dist</name>
         <value>0x2c41</value>
         <object_component_ref idref="oc-e6"/>
      </symbol>
      <symbol id="sm-1f8">
         <name>uart_sendChar</name>
         <value>0x2b05</value>
         <object_component_ref idref="oc-e6"/>
      </symbol>
      <symbol id="sm-1f9">
         <name>index</name>
         <value>0x20000ef8</value>
         <object_component_ref idref="oc-1a0"/>
      </symbol>
      <symbol id="sm-1fa">
         <name>uart_init</name>
         <value>0x29a9</value>
         <object_component_ref idref="oc-e6"/>
      </symbol>
      <symbol id="sm-1fb">
         <name>ADC0SS0_Handler</name>
         <value>0x2dbd</value>
         <object_component_ref idref="oc-e6"/>
      </symbol>
      <symbol id="sm-1fc">
         <name>uart_receive</name>
         <value>0x2baf</value>
         <object_component_ref idref="oc-e6"/>
      </symbol>
      <symbol id="sm-1fd">
         <name>data</name>
         <value>0x20000efc</value>
         <object_component_ref idref="oc-1a0"/>
      </symbol>
      <symbol id="sm-1fe">
         <name>uart_sendStr</name>
         <value>0x2bd9</value>
         <object_component_ref idref="oc-e6"/>
      </symbol>
      <symbol id="sm-239">
         <name>ping_read</name>
         <value>0x3943</value>
         <object_component_ref idref="oc-e0"/>
      </symbol>
      <symbol id="sm-23a">
         <name>send_pulse</name>
         <value>0x38fd</value>
         <object_component_ref idref="oc-e0"/>
      </symbol>
      <symbol id="sm-23b">
         <name>flag2</name>
         <value>0x20000ee8</value>
         <object_component_ref idref="oc-19c"/>
      </symbol>
      <symbol id="sm-23c">
         <name>update_flag</name>
         <value>0x20000ee4</value>
         <object_component_ref idref="oc-19c"/>
      </symbol>
      <symbol id="sm-23d">
         <name>ultrasonic_init</name>
         <value>0x386d</value>
         <object_component_ref idref="oc-e0"/>
      </symbol>
      <symbol id="sm-23e">
         <name>falling_time</name>
         <value>0x20000ee0</value>
         <object_component_ref idref="oc-19c"/>
      </symbol>
      <symbol id="sm-23f">
         <name>time2dist</name>
         <value>0x39c1</value>
         <object_component_ref idref="oc-e0"/>
      </symbol>
      <symbol id="sm-240">
         <name>TIMER3B_Handler</name>
         <value>0x39e5</value>
         <object_component_ref idref="oc-e0"/>
      </symbol>
      <symbol id="sm-241">
         <name>rising_time</name>
         <value>0x20000edc</value>
         <object_component_ref idref="oc-19c"/>
      </symbol>
      <symbol id="sm-242">
         <name>overflow</name>
         <value>0x20000eec</value>
         <object_component_ref idref="oc-19c"/>
      </symbol>
      <symbol id="sm-2d7">
         <name>pow</name>
         <value>0xccd</value>
         <object_component_ref idref="oc-103"/>
      </symbol>
      <symbol id="sm-2d8">
         <name>powl</name>
         <value>0xccd</value>
         <object_component_ref idref="oc-103"/>
      </symbol>
      <symbol id="sm-2fa">
         <name>sqrtl</name>
         <value>0x4251</value>
         <object_component_ref idref="oc-12d"/>
      </symbol>
      <symbol id="sm-2fb">
         <name>sqrt</name>
         <value>0x4251</value>
         <object_component_ref idref="oc-12d"/>
      </symbol>
      <symbol id="sm-34c">
         <name>cosl</name>
         <value>0x23cd</value>
         <object_component_ref idref="oc-127"/>
      </symbol>
      <symbol id="sm-34d">
         <name>cos</name>
         <value>0x23cd</value>
         <object_component_ref idref="oc-127"/>
      </symbol>
      <symbol id="sm-374">
         <name>scalbn</name>
         <value>0x473d</value>
         <object_component_ref idref="oc-1ee"/>
      </symbol>
      <symbol id="sm-375">
         <name>scalbnl</name>
         <value>0x473d</value>
         <object_component_ref idref="oc-1ee"/>
      </symbol>
      <symbol id="sm-376">
         <name>ldexpl</name>
         <value>0x473d</value>
         <object_component_ref idref="oc-1ee"/>
      </symbol>
      <symbol id="sm-377">
         <name>ldexp</name>
         <value>0x473d</value>
         <object_component_ref idref="oc-1ee"/>
      </symbol>
      <symbol id="sm-381">
         <name>copysign</name>
         <value>0x54cd</value>
         <object_component_ref idref="oc-2da"/>
      </symbol>
      <symbol id="sm-382">
         <name>copysignl</name>
         <value>0x54cd</value>
         <object_component_ref idref="oc-2da"/>
      </symbol>
      <symbol id="sm-399">
         <name>__aeabi_dsub</name>
         <value>0x3c61</value>
         <object_component_ref idref="oc-109"/>
      </symbol>
      <symbol id="sm-39a">
         <name>__aeabi_dadd</name>
         <value>0x3c6b</value>
         <object_component_ref idref="oc-109"/>
      </symbol>
      <symbol id="sm-3bc">
         <name>__aeabi_cdcmpeq</name>
         <value>0x4d29</value>
         <object_component_ref idref="oc-18d"/>
      </symbol>
      <symbol id="sm-3bd">
         <name>__aeabi_cdcmple</name>
         <value>0x4d29</value>
         <object_component_ref idref="oc-18d"/>
      </symbol>
      <symbol id="sm-3be">
         <name>__aeabi_cdrcmple</name>
         <value>0x4daf</value>
         <object_component_ref idref="oc-192"/>
      </symbol>
      <symbol id="sm-3d2">
         <name>__aeabi_ddiv</name>
         <value>0x44e5</value>
         <object_component_ref idref="oc-11d"/>
      </symbol>
      <symbol id="sm-3dd">
         <name>__aeabi_dmul</name>
         <value>0x4951</value>
         <object_component_ref idref="oc-118"/>
      </symbol>
      <symbol id="sm-3e7">
         <name>__aeabi_d2iz</name>
         <value>0x51a1</value>
         <object_component_ref idref="oc-202"/>
      </symbol>
      <symbol id="sm-3f3">
         <name>__aeabi_d2f</name>
         <value>0x4f1d</value>
         <object_component_ref idref="oc-10e"/>
      </symbol>
      <symbol id="sm-3fd">
         <name>__aeabi_d2uiz</name>
         <value>0x522d</value>
         <object_component_ref idref="oc-197"/>
      </symbol>
      <symbol id="sm-408">
         <name>__aeabi_f2d</name>
         <value>0x5369</value>
         <object_component_ref idref="oc-122"/>
      </symbol>
      <symbol id="sm-412">
         <name>__aeabi_i2d</name>
         <value>0x5405</value>
         <object_component_ref idref="oc-113"/>
      </symbol>
      <symbol id="sm-42d">
         <name>memcpy</name>
         <value>0x4bf7</value>
         <object_component_ref idref="oc-3b"/>
      </symbol>
      <symbol id="sm-42e">
         <name>__aeabi_memcpy</name>
         <value>0x4bf7</value>
         <object_component_ref idref="oc-3b"/>
      </symbol>
      <symbol id="sm-42f">
         <name>__aeabi_memcpy8</name>
         <value>0x4bf7</value>
         <object_component_ref idref="oc-3b"/>
      </symbol>
      <symbol id="sm-430">
         <name>__aeabi_memcpy4</name>
         <value>0x4bf7</value>
         <object_component_ref idref="oc-3b"/>
      </symbol>
      <symbol id="sm-43a">
         <name>__aeabi_ui2d</name>
         <value>0x5433</value>
         <object_component_ref idref="oc-fe"/>
      </symbol>
      <symbol id="sm-453">
         <name>__TI_zero_init_nomemset</name>
         <value>0x5509</value>
         <object_component_ref idref="oc-47"/>
      </symbol>
      <symbol id="sm-46a">
         <name>__TI_decompress_none</name>
         <value>0x554d</value>
         <object_component_ref idref="oc-18"/>
      </symbol>
      <symbol id="sm-48d">
         <name>__TI_decompress_lzss</name>
         <value>0x4f8b</value>
         <object_component_ref idref="oc-12"/>
      </symbol>
      <symbol id="sm-4a0">
         <name>__stack</name>
         <value>0x20000270</value>
         <object_component_ref idref="oc-21"/>
      </symbol>
      <symbol id="sm-4a1">
         <name>_c_int00_noargs</name>
         <value>0x5331</value>
         <object_component_ref idref="oc-59"/>
      </symbol>
      <symbol id="sm-4b7">
         <name>__aeabi_errno_addr</name>
         <value>0x557d</value>
         <object_component_ref idref="oc-1e5"/>
      </symbol>
      <symbol id="sm-4b8">
         <name>errno</name>
         <value>0x20000f04</value>
         <object_component_ref idref="oc-2d3"/>
      </symbol>
      <symbol id="sm-4c3">
         <name>C$$EXIT</name>
         <value>0x5589</value>
         <object_component_ref idref="oc-138"/>
      </symbol>
      <symbol id="sm-4c4">
         <name>abort</name>
         <value>0x5589</value>
         <object_component_ref idref="oc-138"/>
      </symbol>
      <symbol id="sm-4d9">
         <name>_sys_memory</name>
         <value>0x20000a70</value>
         <object_component_ref idref="oc-24"/>
      </symbol>
      <symbol id="sm-502">
         <name>sprintf</name>
         <value>0x5271</value>
         <object_component_ref idref="oc-f8"/>
      </symbol>
      <symbol id="sm-511">
         <name>strcmp</name>
         <value>0x549f</value>
         <object_component_ref idref="oc-1b4"/>
      </symbol>
      <symbol id="sm-51f">
         <name>strcpy</name>
         <value>0x54e1</value>
         <object_component_ref idref="oc-1ba"/>
      </symbol>
      <symbol id="sm-549">
         <name>vsnprintf</name>
         <value>0x52b1</value>
         <object_component_ref idref="oc-1ae"/>
      </symbol>
      <symbol id="sm-5b0">
         <name>__kernel_rem_pio2</name>
         <value>0x168d</value>
         <object_component_ref idref="oc-20d"/>
      </symbol>
      <symbol id="sm-5c6">
         <name>__kernel_cos</name>
         <value>0x3f8d</value>
         <object_component_ref idref="oc-207"/>
      </symbol>
      <symbol id="sm-5dd">
         <name>__kernel_sin</name>
         <value>0x3e19</value>
         <object_component_ref idref="oc-213"/>
      </symbol>
      <symbol id="sm-5fa">
         <name>floorl</name>
         <value>0x4a4d</value>
         <object_component_ref idref="oc-2f1"/>
      </symbol>
      <symbol id="sm-5fb">
         <name>floor</name>
         <value>0x4a4d</value>
         <object_component_ref idref="oc-2f1"/>
      </symbol>
      <symbol id="sm-60a">
         <name>__aeabi_memset</name>
         <value>0x4e37</value>
         <object_component_ref idref="oc-93"/>
      </symbol>
      <symbol id="sm-60b">
         <name>memset</name>
         <value>0x4e3d</value>
         <object_component_ref idref="oc-93"/>
      </symbol>
      <symbol id="sm-60c">
         <name>__aeabi_memset8</name>
         <value>0x4e37</value>
         <object_component_ref idref="oc-93"/>
      </symbol>
      <symbol id="sm-60d">
         <name>__aeabi_memset4</name>
         <value>0x4e37</value>
         <object_component_ref idref="oc-93"/>
      </symbol>
      <symbol id="sm-60e">
         <name>__aeabi_memclr8</name>
         <value>0x4e35</value>
         <object_component_ref idref="oc-93"/>
      </symbol>
      <symbol id="sm-60f">
         <name>__aeabi_memclr4</name>
         <value>0x4e35</value>
         <object_component_ref idref="oc-93"/>
      </symbol>
      <symbol id="sm-610">
         <name>__aeabi_memclr</name>
         <value>0x4e35</value>
         <object_component_ref idref="oc-93"/>
      </symbol>
      <symbol id="sm-638">
         <name>__TI_auto_init_nobinit_nopinit</name>
         <value>0x51e9</value>
         <object_component_ref idref="oc-144"/>
      </symbol>
      <symbol id="sm-642">
         <name>_system_pre_init</name>
         <value>0x5585</value>
         <object_component_ref idref="oc-99"/>
      </symbol>
      <symbol id="sm-7a8">
         <name>__TI_printfi</name>
         <value>0x26d</value>
         <object_component_ref idref="oc-1d0"/>
      </symbol>
      <symbol id="sm-7be">
         <name>atoi</name>
         <value>0x5155</value>
         <object_component_ref idref="oc-293"/>
      </symbol>
      <symbol id="sm-7c9">
         <name>_ctypes_</name>
         <value>0x56e8</value>
         <object_component_ref idref="oc-335"/>
      </symbol>
      <symbol id="sm-7d8">
         <name>ltoa</name>
         <value>0x50af</value>
         <object_component_ref idref="oc-340"/>
      </symbol>
      <symbol id="sm-7e8">
         <name>memccpy</name>
         <value>0x5453</value>
         <object_component_ref idref="oc-2b7"/>
      </symbol>
      <symbol id="sm-7f8">
         <name>strchr</name>
         <value>0x54b7</value>
         <object_component_ref idref="oc-367"/>
      </symbol>
      <symbol id="sm-806">
         <name>strlen</name>
         <value>0x54f5</value>
         <object_component_ref idref="oc-28d"/>
      </symbol>
      <symbol id="sm-81c">
         <name>frexpl</name>
         <value>0x4ff5</value>
         <object_component_ref idref="oc-361"/>
      </symbol>
      <symbol id="sm-81d">
         <name>frexp</name>
         <value>0x4ff5</value>
         <object_component_ref idref="oc-361"/>
      </symbol>
      <symbol id="sm-836">
         <name>wcslen</name>
         <value>0x551b</value>
         <object_component_ref idref="oc-2bd"/>
      </symbol>
      <symbol id="sm-843">
         <name>__aeabi_uldivmod</name>
         <value>0x4c93</value>
         <object_component_ref idref="oc-33a"/>
      </symbol>
      <symbol id="sm-84d">
         <name>__aeabi_idiv0</name>
         <value>0xccb</value>
         <object_component_ref idref="oc-3af"/>
      </symbol>
      <symbol id="sm-84e">
         <name>__aeabi_ldiv0</name>
         <value>0xccb</value>
         <object_component_ref idref="oc-3af"/>
      </symbol>
      <symbol id="sm-878">
         <name>IntRegister</name>
         <value>0x53a1</value>
         <object_component_ref idref="oc-181"/>
      </symbol>
      <symbol id="sm-879">
         <name>g_pfnRAMVectors</name>
         <value>0x20000000</value>
         <object_component_ref idref="oc-24a"/>
      </symbol>
      <symbol id="sm-87a">
         <name>IntMasterEnable</name>
         <value>0x552d</value>
         <object_component_ref idref="oc-187"/>
      </symbol>
      <symbol id="sm-884">
         <name>CPUcpsie</name>
         <value>0x555b</value>
         <object_component_ref idref="oc-254"/>
      </symbol>
      <symbol id="sm-885">
         <name>__TI_static_base__</name>
         <value>0x0</value>
      </symbol>
      <symbol id="sm-888">
         <name>__mpu_init</name>
         <value>0x0</value>
      </symbol>
      <symbol id="sm-889">
         <name>_system_post_cinit</name>
         <value>0x0</value>
      </symbol>
   </symbol_table>
   <title>Link successful</title>
</link_info>
